-------------------------------------------------------------------------- 
                   Lithosphere and Mantle Evolution Model                   
     Compiled: Date: Nov 19 2020 - Time: 09:36:54 	    
-------------------------------------------------------------------------- 
        STAGGERED-GRID FINITE DIFFERENCE CANONICAL IMPLEMENTATION           
-------------------------------------------------------------------------- 
Parsing input file : Passive_tracer_ex2D_Condition.dat 
   Adding PETSc option: -snes_rtol 1e-6
   Adding PETSc option: -snes_atol 1e-4
   Adding PETSc option: -snes_max_it 50
   Adding PETSc option: -snes_PicardSwitchToNewton_rtol 1e-4
   Adding PETSc option: -snes_NewtonSwitchToPicard_it 20
   Adding PETSc option: -js_ksp_type fgmres
   Adding PETSc option: -js_ksp_monitor
   Adding PETSc option: -js_ksp_max_it 20
   Adding PETSc option: -js_ksp_atol 1e-8
   Adding PETSc option: -js_ksp_rtol 1e-5
   Adding PETSc option: -snes_linesearch_type l2
   Adding PETSc option: -snes_linesearch_monitor
   Adding PETSc option: -snes_linesearch_maxstep 10
Finished parsing input file : Passive_tracer_ex2D_Condition.dat 
--------------------------------------------------------------------------
Scaling parameters:
   Temperature : 1000. [C/K] 
   Length      : 100000. [m] 
   Viscosity   : 1e+20 [Pa*s] 
   Stress      : 1e+09 [Pa] 
--------------------------------------------------------------------------
Time stepping parameters:
   Simulation end time          : 100. [Myr] 
   Maximum number of steps      : 20 
   Time step                    : 0.1 [Myr] 
   Minimum time step            : 1e-05 [Myr] 
   Maximum time step            : 1. [Myr] 
   Time step increase factor    : 0.1 
   CFL criterion                : 0.5 
   CFLMAX (fixed time steps)    : 0.8 
   Output every [n] steps       : 5 
   Output [n] initial steps     : 1 
   Save restart every [n] steps : 2000 
--------------------------------------------------------------------------
--------------------------------------------------------------------------
Material parameters: 
--------------------------------------------------------------------------
   Phase ID : 0
   (dens)   : rho = 3300. [kg/m^3]  
   (diff)   : eta = 1e+22 [Pa*s]  Bd = 5e-23 [1/Pa/s]  
   (temp)   : alpha = 3e-05 [1/K]  Cp = 1e+06 [J/kg/K]  k = 100. [W/m/k]  

   Phase ID : 1
   (dens)   : rho = 3300. [kg/m^3]  
   (diff)   : eta = 1e+24 [Pa*s]  Bd = 5e-25 [1/Pa/s]  
   (temp)   : alpha = 3e-05 [1/K]  Cp = 1050. [J/kg/K]  k = 3. [W/m/k]  

   Phase ID : 2
   dislocation creep profile: Dry_Olivine_disl_creep-Hirth_Kohlstedt_2003
   (dens)   : rho = 3300. [kg/m^3]  
   (disl)   : Bn = 6.22254e-16 [1/Pa^n/s]  En = 530000. [J/mol]  Vn = 1.5e-05 [m^3/mol]  n = 3.5 [ ]  
   (temp)   : alpha = 3e-05 [1/K]  Cp = 1050. [J/kg/K]  k = 3. [W/m/k]  

   Phase ID : 3
   (dens)   : rho = 3300. [kg/m^3]  - Employing phase diagram: PMD_extrapolate
   (diff)   : eta = 1e+20 [Pa*s]  Bd = 5e-21 [1/Pa/s]  
   (temp)   : alpha = 3e-05 [1/K]  Cp = 1050. [J/kg/K]  k = 3. [W/m/k]  

   Phase ID : 4
   (dens)   : rho = 3300. [kg/m^3]  - Employing phase diagram: PMD_extrapolate
   (diff)   : eta = 1e+20 [Pa*s]  Bd = 5e-21 [1/Pa/s]  
   (temp)   : alpha = 3e-05 [1/K]  Cp = 1050. [J/kg/K]  k = 3. [W/m/k]  

   Phase ID : 5
   (dens)   : rho = 3400. [kg/m^3]  - Employing phase diagram: PMD_extrapolate
   (diff)   : eta = 5e+21 [Pa*s]  Bd = 1e-22 [1/Pa/s]  
   (temp)   : alpha = 3e-05 [1/K]  Cp = 1050. [J/kg/K]  k = 3. [W/m/k]  

--------------------------------------------------------------------------
Phase Transition laws: 
--------------------------------------------------------------------------
   Phase Transition [0] :   Clapeyron 
     Transition law     :   Mantle_Transition_660km
       # Equations      :   1    [ P = P0 + gamma*(T-T0) ] 
       eq[0]            :   gamma = -2.50e+00 [MPa/C], P0 = 2.30e+10 [Pa],  T0 = 1667.0 [deg C] 
     Phase Above        :   5  
     Phase Below        :   3  
     Direction          :   BothWays 

   Adjusting density values due to phase transitions: 
--------------------------------------------------------------------------
Grid parameters:
   Total number of cpu                  : 2 
   Processor grid  [nx, ny, nz]         : [2, 1, 1]
   Fine grid cells [nx, ny, nz]         : [64, 1, 32]
   Number of cells                      :  2048
   Number of faces                      :  8288
   Maximum cell aspect ratio            :  2.18750
   Lower coordinate bounds [bx, by, bz] : [-1400., -10., -1000.]
   Upper coordinate bounds [ex, ey, ez] : [1400., 10., 0.]
--------------------------------------------------------------------------
Boundary condition parameters: 
   No-slip boundary mask [lt rt ft bk bm tp]  : 0 0 0 0 0 0 
   Top boundary temperature                   : 0. [C] 
   Bottom boundary temperature                : 1350. [C] 
   Adding plume inflow bottom condition       @ 
      Type of plume                           : 2D 
      Type of velocity perturbation           : Gaussian in/out flow 
      Temperature of plume                    : 1700. [C] 
      Phase of plume                          : 4 
      Inflow velocity                         : 15. [cm/yr] 
      Location of center                      : [0.] [km] 
      Radius of plume                         : 100. [km] 
--------------------------------------------------------------------------
Solution parameters & controls:
   Gravity [gx, gy, gz]                    : [0., 0., -10.] [m/s^2] 
   Surface stabilization (FSSA)            :  1. 
   Activate temperature diffusion          @ 
   Compute initial guess                   @ 
   Use lithostatic pressure for creep      @ 
   Enforce zero average pressure on top    @ 
   Minimum viscosity                       : 1e+18 [Pa*s] 
   Maximum viscosity                       : 1e+24 [Pa*s] 
   Reference viscosity (initial guess)     : 1e+20 [Pa*s] 
   Universal gas constant                  : 8.31446 [J/mol/K] 
   Max. melt fraction (viscosity, density) : 0.03    
   Rheology iteration number               : 25  
   Rheology iteration tolerance            : 1e-06    
   Passive Tracers are active              @ 
   Ground water level type                 : none 
--------------------------------------------------------------------------
Advection parameters:
   Advection scheme              : Runge-Kutta 2-nd order
   Marker setup scheme           : geometric primitives
   Velocity interpolation scheme : empirical STAGP (STAG + pressure points)
   Marker control type           : subgrid 
   Markers per cell [nx, ny, nz] : [3, 3, 3] 
   Marker distribution type      : random noise
   Background phase ID           : 0 
   Interpolation constant        : 0.666667 
--------------------------------------------------------------------------
Reading geometric primitives ... done (0.00563788 sec)
--------------------------------------------------------------------------
Phase Diagrams:  
   Diagrams employed for phases  : 3, 4, 5, 
--------------------------------------------------------------------------
--------------------------------------------------------------------------
Passive Tracers: 
   Initial coordinate Box x = [Left,Right] : -600.000000, 600.000000 
   Initial coordinate Box y = [Front,Back] : -1.000000, 1.000000 
   Initial coordinate Box z = [Bot, Top]   : -990.000000, -550.000000 
   # of tracers in [x,y,z] direction       : [100, 1, 100] 
   Total # of tracers                      : 10000 
   Tracer advection activation type        : Temperature > 1500 [C]    
--------------------------------------------------------------------------
Output parameters:
   Output file name                        : PlumeLithosphereInteraction 
   Write .pvd file                         : yes 
   Phase                                   @ 
   Density                                 @ 
   Total effective viscosity               @ 
   Creep effective viscosity               @ 
   Velocity                                @ 
   Pressure                                @ 
   Total Pressure                          @ 
   Temperature                             @ 
   Deviatoric stress tensor                @ 
   Deviatoric stress second invariant      @ 
   Deviatoric strain rate tensor           @ 
   Deviatoric strain rate second invariant @ 
   Yield stress                            @ 
   Accumulated Plastic Strain (APS)        @ 
   Plastic dissipation                     @ 
   Total displacements                     @ 
   Momentum residual                       @ 
   Continuity residual                     @ 
   Melt fraction                           @ 
--------------------------------------------------------------------------
Passive Tracers output parameters:
   Write Passive tracers pvd file  
--------------------------------------------------------------------------
AVD output parameters:
   Write .pvd file       : yes 
   AVD refinement factor : 3 
--------------------------------------------------------------------------
Preconditioner parameters: 
   Matrix type                   : monolithic
   Penalty parameter (pgamma)    : 1.000000e+04
   Preconditioner type           : user-defined
--------------------------------------------------------------------------
Solver parameters specified: 
   Outermost Krylov solver       : fgmres 
   Solver type                   : parallel direct/lu 
   Solver package                : mumps 
--------------------------------------------------------------------------
Initializing pressure with lithostatic pressure ... done (0.00399709 sec)
--------------------------------------------------------------------------
============================== INITIAL GUESS =============================
--------------------------------------------------------------------------
  0 SNES Function norm 1.399219188207e+02 
  0 PICARD ||F||/||F0||=1.000000e+00 
    Residual norms for js_ solve.
    0 KSP Residual norm 1.399219188207e+02 
    1 KSP Residual norm 4.095837406519e-02 
    2 KSP Residual norm 3.124787020837e-06 
  Linear js_ solve converged due to CONVERGED_RTOL iterations 2
      Line search: lambdas = [1., 0.5, 0.], fnorms = [20.0553, 82.8804, 139.922]
      Line search terminated: lambda = 1.26802, fnorms = 19.4274
  1 SNES Function norm 1.942735266415e+01 
  1 PICARD ||F||/||F0||=1.388442e-01 
    Residual norms for js_ solve.
    0 KSP Residual norm 1.942735266415e+01 
    1 KSP Residual norm 4.805564580240e-03 
    2 KSP Residual norm 2.871973401661e-06 
  Linear js_ solve converged due to CONVERGED_RTOL iterations 2
      Line search: lambdas = [1., 0.5, 0.], fnorms = [1.24326, 10.0953, 19.4274]
      Line search terminated: lambda = 1.03654, fnorms = 1.01322
  2 SNES Function norm 1.013224408622e+00 
  2 PICARD ||F||/||F0||=7.241356e-03 
    Residual norms for js_ solve.
    0 KSP Residual norm 1.013224408622e+00 
    1 KSP Residual norm 1.697943462002e-04 
    2 KSP Residual norm 1.136498227550e-07 
  Linear js_ solve converged due to CONVERGED_RTOL iterations 2
      Line search: lambdas = [1., 0.5, 0.], fnorms = [0.0301126, 0.51524, 1.01322]
      Line search terminated: lambda = 1.01638, fnorms = 0.0253024
  3 SNES Function norm 2.530239438229e-02 
  3 PICARD ||F||/||F0||=1.808322e-04 
    Residual norms for js_ solve.
    0 KSP Residual norm 2.530239438229e-02 
    1 KSP Residual norm 3.462887925415e-06 
    2 KSP Residual norm 2.482759803196e-09 
  Linear js_ solve converged due to CONVERGED_ATOL iterations 2
      Line search: lambdas = [1., 0.5, 0.], fnorms = [0.000536918, 0.0126545, 0.0253024]
      Line search terminated: lambda = 0.999582, fnorms = 0.000536814
  4 SNES Function norm 5.368137252118e-04 
  4 MMFD   ||F||/||F0||=3.836523e-06 
    Residual norms for js_ solve.
    0 KSP Residual norm 5.368137252118e-04 
    1 KSP Residual norm 1.853446217513e-05 
    2 KSP Residual norm 9.006407688304e-08 
    3 KSP Residual norm 5.852612854299e-10 
  Linear js_ solve converged due to CONVERGED_ATOL iterations 3
      Line search: lambdas = [1., 0.5, 0.], fnorms = [1.22042e-09, 0.000268407, 0.000536814]
      Line search terminated: lambda = 1., fnorms = 1.22043e-09
  5 SNES Function norm 1.220434047902e-09 
--------------------------------------------------------------------------
SNES Convergence Reason : ||F|| < atol 
Number of iterations    : 5
SNES solution time      : 1.22159 (sec)
--------------------------------------------------------------------------
Residual summary: 
   Continuity: 
      |Div|_inf = 6.618522224689e-13 
      |Div|_2   = 1.320347896764e-11 
   Momentum: 
      |mRes|_2  = 1.220362623740e-09 
   Energy: 
      |eRes|_2  = 1.881445610043e-16 
--------------------------------------------------------------------------
Saving output ... done (0.0880308 sec)
--------------------------------------------------------------------------
================================= STEP 1 =================================
--------------------------------------------------------------------------
Current time        : 0.00000 [Myr] 
Tentative time step : 0.10000 [Myr] 
--------------------------------------------------------------------------
Phase_Transition ... done (0.00903082 sec)
--------------------------------------------------------------------------
  0 SNES Function norm 5.293641338101e+01 
  0 PICARD ||F||/||F0||=1.000000e+00 
    Residual norms for js_ solve.
    0 KSP Residual norm 5.293641338101e+01 
    1 KSP Residual norm 1.169147309684e-05 
  Linear js_ solve converged due to CONVERGED_RTOL iterations 1
      Line search: lambdas = [1., 0.5, 0.], fnorms = [0.383422, 26.988, 52.9364]
      Line search terminated: lambda = 1.02057, fnorms = 1.31443
  1 SNES Function norm 1.314425766824e+00 
  1 PICARD ||F||/||F0||=2.483028e-02 
    Residual norms for js_ solve.
    0 KSP Residual norm 1.314425766824e+00 
    1 KSP Residual norm 3.414893196675e-06 
  Linear js_ solve converged due to CONVERGED_RTOL iterations 1
      Line search: lambdas = [1., 0.5, 0.], fnorms = [0.0119689, 0.659903, 1.31443]
      Line search terminated: lambda = 1.00401, fnorms = 0.0123832
  2 SNES Function norm 1.238320184299e-02 
  2 PICARD ||F||/||F0||=2.339260e-04 
    Residual norms for js_ solve.
    0 KSP Residual norm 1.238320184299e-02 
    1 KSP Residual norm 5.063555400574e-07 
    2 KSP Residual norm 4.800320626385e-10 
  Linear js_ solve converged due to CONVERGED_ATOL iterations 2
      Line search: lambdas = [1., 0.5, 0.], fnorms = [0.00470624, 0.00816178, 0.0123832]
      Line search terminated: lambda = 1.27606, fnorms = 0.00392756
  3 SNES Function norm 3.927557024190e-03 
  3 MMFD   ||F||/||F0||=7.419386e-05 
    Residual norms for js_ solve.
    0 KSP Residual norm 3.927557024190e-03 
    1 KSP Residual norm 1.387373841263e-03 
    2 KSP Residual norm 2.642391950563e-04 
    3 KSP Residual norm 6.604899949002e-05 
    4 KSP Residual norm 1.312347397849e-05 
    5 KSP Residual norm 3.400702260973e-06 
    6 KSP Residual norm 5.377124906483e-07 
    7 KSP Residual norm 1.119550684455e-07 
    8 KSP Residual norm 2.620561860887e-08 
  Linear js_ solve converged due to CONVERGED_RTOL iterations 8
      Line search: lambdas = [1., 0.5, 0.], fnorms = [0.000148303, 0.00199064, 0.00392756]
      Line search terminated: lambda = 1.01193, fnorms = 0.000124507
  4 SNES Function norm 1.245074443394e-04 
  4 MMFD   ||F||/||F0||=2.352019e-06 
    Residual norms for js_ solve.
    0 KSP Residual norm 1.245074443394e-04 
    1 KSP Residual norm 3.899419200768e-05 
    2 KSP Residual norm 7.507519943234e-06 
    3 KSP Residual norm 1.628528818465e-06 
    4 KSP Residual norm 3.055531422730e-07 
    5 KSP Residual norm 6.992198209767e-08 
    6 KSP Residual norm 1.506083070097e-08 
    7 KSP Residual norm 2.538477204583e-09 
  Linear js_ solve converged due to CONVERGED_ATOL iterations 7
      Line search: lambdas = [1., 0.5, 0.], fnorms = [2.37115e-07, 6.23045e-05, 0.000124507]
      Line search terminated: lambda = 1.00081, fnorms = 1.76888e-07
  5 SNES Function norm 1.768879461780e-07 
--------------------------------------------------------------------------
SNES Convergence Reason : ||F|| < atol 
Number of iterations    : 5
SNES solution time      : 1.53597 (sec)
--------------------------------------------------------------------------
Residual summary: 
   Continuity: 
      |Div|_inf = 1.981191361140e-12 
      |Div|_2   = 8.687386389379e-12 
   Momentum: 
      |mRes|_2  = 1.768879459647e-07 
   Energy: 
      |eRes|_2  = 1.999320337059e-16 
--------------------------------------------------------------------------
Actual time step : 0.10964 [Myr] 
--------------------------------------------------------------------------
Advection Passive tracers ... 
 Currently active tracers    :  0 
done (0.0119565 sec)
--------------------------------------------------------------------------
Performing marker control (subgrid algorithm)
Marker control [0]: (subgrid) cloned 2807 markers and merged 0 markers in 4.6576e-02 s
--------------------------------------------------------------------------
Saving output ... done (0.0916779 sec)
--------------------------------------------------------------------------
================================= STEP 2 =================================
--------------------------------------------------------------------------
Current time        : 0.10964 [Myr] 
Tentative time step : 0.10964 [Myr] 
--------------------------------------------------------------------------
Phase_Transition ... done (0.0100093 sec)
--------------------------------------------------------------------------
  0 SNES Function norm 2.535737117481e+00 
  0 PICARD ||F||/||F0||=1.000000e+00 
    Residual norms for js_ solve.
    0 KSP Residual norm 2.535737117481e+00 
    1 KSP Residual norm 2.598188522588e-05 
    2 KSP Residual norm 4.541728161360e-08 
  Linear js_ solve converged due to CONVERGED_RTOL iterations 2
      Line search: lambdas = [1., 0.5, 0.], fnorms = [0.0176012, 1.26756, 2.53574]
      Line search terminated: lambda = 0.999685, fnorms = 0.017584
  1 SNES Function norm 1.758395736066e-02 
  1 PICARD ||F||/||F0||=6.934456e-03 
    Residual norms for js_ solve.
    0 KSP Residual norm 1.758395736066e-02 
    1 KSP Residual norm 6.954001090646e-07 
    2 KSP Residual norm 5.306126214846e-10 
  Linear js_ solve converged due to CONVERGED_ATOL iterations 2
      Line search: lambdas = [1., 0.5, 0.], fnorms = [0.00778108, 0.0126156, 0.017584]
      Line search terminated: lambda = 1.70854, fnorms = 0.00754964
  2 SNES Function norm 7.549636096048e-03 
  2 PICARD ||F||/||F0||=2.977294e-03 
    Residual norms for js_ solve.
    0 KSP Residual norm 7.549636096048e-03 
    1 KSP Residual norm 4.393729458085e-07 
    2 KSP Residual norm 4.790512438375e-10 
  Linear js_ solve converged due to CONVERGED_ATOL iterations 2
      Line search: lambdas = [1., 0.5, 0.], fnorms = [0.00138135, 0.00403435, 0.00754964]
      Line search terminated: lambda = 1.0226, fnorms = 0.00136983
  3 SNES Function norm 1.369830020315e-03 
  3 PICARD ||F||/||F0||=5.402098e-04 
    Residual norms for js_ solve.
    0 KSP Residual norm 1.369830020315e-03 
    1 KSP Residual norm 4.032509017333e-08 
    2 KSP Residual norm 5.365566314175e-11 
  Linear js_ solve converged due to CONVERGED_ATOL iterations 2
      Line search: lambdas = [1., 0.5, 0.], fnorms = [0.000551891, 0.000932793, 0.00136983]
      Line search terminated: lambda = 1.39145, fnorms = 0.000409251
  4 SNES Function norm 4.092510908667e-04 
  4 PICARD ||F||/||F0||=1.613933e-04 
    Residual norms for js_ solve.
    0 KSP Residual norm 4.092510908667e-04 
    1 KSP Residual norm 8.403473309478e-09 
  Linear js_ solve converged due to CONVERGED_ATOL iterations 1
      Line search: lambdas = [1., 0.5, 0.], fnorms = [0.000180254, 0.000288841, 0.000409251]
      Line search terminated: lambda = 1.51898, fnorms = 0.000121011
  5 SNES Function norm 1.210111775121e-04 
  5 MMFD   ||F||/||F0||=4.772229e-05 
    Residual norms for js_ solve.
    0 KSP Residual norm 1.210111775121e-04 
    1 KSP Residual norm 4.350509908552e-05 
    2 KSP Residual norm 5.252409760576e-06 
    3 KSP Residual norm 9.187360467022e-07 
    4 KSP Residual norm 2.286513096212e-07 
    5 KSP Residual norm 3.260706570089e-08 
    6 KSP Residual norm 7.261569071293e-09 
  Linear js_ solve converged due to CONVERGED_ATOL iterations 6
      Line search: lambdas = [1., 0.5, 0.], fnorms = [6.42252e-07, 6.05718e-05, 0.000121011]
      Line search terminated: lambda = 1.00105, fnorms = 6.03041e-07
  6 SNES Function norm 6.030413323699e-07 
--------------------------------------------------------------------------
SNES Convergence Reason : ||F|| < atol 
Number of iterations    : 6
SNES solution time      : 1.58126 (sec)
--------------------------------------------------------------------------
Residual summary: 
   Continuity: 
      |Div|_inf = 1.288314913734e-12 
      |Div|_2   = 1.067635913269e-11 
   Momentum: 
      |mRes|_2  = 6.030413322754e-07 
   Energy: 
      |eRes|_2  = 1.865657013770e-16 
--------------------------------------------------------------------------
Actual time step : 0.10964 [Myr] 
--------------------------------------------------------------------------
Advection Passive tracers ... 
 Currently active tracers    :  0 
done (0.0120823 sec)
--------------------------------------------------------------------------
Performing marker control (subgrid algorithm)
Marker control [0]: (subgrid) cloned 2157 markers and merged 0 markers in 4.6526e-02 s
--------------------------------------------------------------------------
================================= STEP 3 =================================
--------------------------------------------------------------------------
Current time        : 0.21927 [Myr] 
Tentative time step : 0.10964 [Myr] 
--------------------------------------------------------------------------
Phase_Transition ... done (0.01055 sec)
--------------------------------------------------------------------------
  0 SNES Function norm 5.745286277931e-01 
  0 PICARD ||F||/||F0||=1.000000e+00 
    Residual norms for js_ solve.
    0 KSP Residual norm 5.745286277931e-01 
    1 KSP Residual norm 8.649288762000e-06 
    2 KSP Residual norm 4.416454779403e-09 
  Linear js_ solve converged due to CONVERGED_ATOL iterations 2
      Line search: lambdas = [1., 0.5, 0.], fnorms = [0.0108881, 0.287338, 0.574529]
      Line search terminated: lambda = 0.999718, fnorms = 0.0108882
  1 SNES Function norm 1.088821771012e-02 
  1 PICARD ||F||/||F0||=1.895157e-02 
    Residual norms for js_ solve.
    0 KSP Residual norm 1.088821771012e-02 
    1 KSP Residual norm 1.605173193027e-07 
    2 KSP Residual norm 5.417442158712e-11 
  Linear js_ solve converged due to CONVERGED_ATOL iterations 2
      Line search: lambdas = [1., 0.5, 0.], fnorms = [0.00525138, 0.007954, 0.0108882]
      Line search terminated: lambda = 1.66052, fnorms = 0.00580774
  2 SNES Function norm 5.807742664372e-03 
  2 PICARD ||F||/||F0||=1.010871e-02 
    Residual norms for js_ solve.
    0 KSP Residual norm 5.807742664372e-03 
    1 KSP Residual norm 1.099769472015e-07 
    2 KSP Residual norm 3.954607244600e-11 
  Linear js_ solve converged due to CONVERGED_ATOL iterations 2
      Line search: lambdas = [1., 0.5, 0.], fnorms = [0.00158728, 0.00329885, 0.00580774]
      Line search terminated: lambda = 1.03869, fnorms = 0.00162771
  3 SNES Function norm 1.627709962049e-03 
  3 PICARD ||F||/||F0||=2.833122e-03 
    Residual norms for js_ solve.
    0 KSP Residual norm 1.627709962049e-03 
    1 KSP Residual norm 1.050766360332e-08 
  Linear js_ solve converged due to CONVERGED_RTOL iterations 1
      Line search: lambdas = [1., 0.5, 0.], fnorms = [0.00063501, 0.00093373, 0.00162771]
      Line search terminated: lambda = 0.929001, fnorms = 0.000634717
  4 SNES Function norm 6.347168556014e-04 
  4 PICARD ||F||/||F0||=1.104761e-03 
    Residual norms for js_ solve.
    0 KSP Residual norm 6.347168556014e-04 
    1 KSP Residual norm 1.530878709640e-09 
  Linear js_ solve converged due to CONVERGED_ATOL iterations 1
      Line search: lambdas = [1., 0.5, 0.], fnorms = [0.000275298, 0.000438873, 0.000634717]
      Line search terminated: lambda = 1.37515, fnorms = 0.000231754
  5 SNES Function norm 2.317535396176e-04 
  5 PICARD ||F||/||F0||=4.033803e-04 
    Residual norms for js_ solve.
    0 KSP Residual norm 2.317535396176e-04 
    1 KSP Residual norm 4.570150981672e-10 
  Linear js_ solve converged due to CONVERGED_ATOL iterations 1
      Line search: lambdas = [1., 0.5, 0.], fnorms = [9.4222e-05, 0.0001601, 0.000231754]
      Line search terminated: lambda = 1.48982, fnorms = 6.16816e-05
  6 SNES Function norm 6.168156810121e-05 
--------------------------------------------------------------------------
SNES Convergence Reason : ||F|| < atol 
Number of iterations    : 6
SNES solution time      : 1.45023 (sec)
--------------------------------------------------------------------------
Residual summary: 
   Continuity: 
      |Div|_inf = 1.429926576452e-10 
      |Div|_2   = 7.237077376679e-10 
   Momentum: 
      |mRes|_2  = 6.168156809696e-05 
   Energy: 
      |eRes|_2  = 1.961015890747e-16 
--------------------------------------------------------------------------
Actual time step : 0.10964 [Myr] 
--------------------------------------------------------------------------
Advection Passive tracers ... 
 Currently active tracers    :  33 
done (0.0108204 sec)
--------------------------------------------------------------------------
Performing marker control (subgrid algorithm)
Marker control [0]: (subgrid) cloned 1539 markers and merged 0 markers in 3.8613e-02 s
--------------------------------------------------------------------------
================================= STEP 4 =================================
--------------------------------------------------------------------------
Current time        : 0.32891 [Myr] 
Tentative time step : 0.10964 [Myr] 
--------------------------------------------------------------------------
Phase_Transition ... done (0.0109351 sec)
--------------------------------------------------------------------------
  0 SNES Function norm 5.883030785781e-01 
  0 PICARD ||F||/||F0||=1.000000e+00 
    Residual norms for js_ solve.
    0 KSP Residual norm 5.883030785781e-01 
    1 KSP Residual norm 8.526043254672e-06 
    2 KSP Residual norm 4.452916098953e-09 
  Linear js_ solve converged due to CONVERGED_ATOL iterations 2
      Line search: lambdas = [1., 0.5, 0.], fnorms = [0.00295057, 0.29416, 0.588303]
      Line search terminated: lambda = 0.99999, fnorms = 0.00295056
  1 SNES Function norm 2.950560843411e-03 
  1 PICARD ||F||/||F0||=5.015375e-03 
    Residual norms for js_ solve.
    0 KSP Residual norm 2.950560843411e-03 
    1 KSP Residual norm 3.158320943512e-08 
    2 KSP Residual norm 2.347383105745e-11 
  Linear js_ solve converged due to CONVERGED_ATOL iterations 2
      Line search: lambdas = [1., 0.5, 0.], fnorms = [0.00173227, 0.00236338, 0.00295056]
      Line search terminated: lambda = 3.16352, fnorms = 0.00373049
  2 SNES Function norm 3.730491830874e-03 
  2 PICARD ||F||/||F0||=6.341105e-03 
    Residual norms for js_ solve.
    0 KSP Residual norm 3.730491830874e-03 
    1 KSP Residual norm 6.411135419467e-08 
    2 KSP Residual norm 4.297633191658e-11 
  Linear js_ solve converged due to CONVERGED_ATOL iterations 2
      Line search: lambdas = [1., 0.5, 0.], fnorms = [0.00126765, 0.0022681, 0.00373049]
      Line search terminated: lambda = 1.08785, fnorms = 0.00121304
  3 SNES Function norm 1.213043009530e-03 
  3 PICARD ||F||/||F0||=2.061936e-03 
    Residual norms for js_ solve.
    0 KSP Residual norm 1.213043009530e-03 
    1 KSP Residual norm 1.030917049694e-08 
  Linear js_ solve converged due to CONVERGED_RTOL iterations 1
      Line search: lambdas = [1., 0.5, 0.], fnorms = [0.000594907, 0.000889786, 0.00121304]
      Line search terminated: lambda = 1.65475, fnorms = 0.000345146
  4 SNES Function norm 3.451461262784e-04 
  4 PICARD ||F||/||F0||=5.866808e-04 
    Residual norms for js_ solve.
    0 KSP Residual norm 3.451461262784e-04 
    1 KSP Residual norm 6.979370682145e-09 
  Linear js_ solve converged due to CONVERGED_ATOL iterations 1
      Line search: lambdas = [1., 0.5, 0.], fnorms = [0.00013759, 0.000227068, 0.000345146]
      Line search terminated: lambda = 1.21696, fnorms = 0.000124789
  5 SNES Function norm 1.247894772814e-04 
  5 PICARD ||F||/||F0||=2.121177e-04 
    Residual norms for js_ solve.
    0 KSP Residual norm 1.247894772814e-04 
    1 KSP Residual norm 1.671821702687e-09 
  Linear js_ solve converged due to CONVERGED_ATOL iterations 1
      Line search: lambdas = [1., 0.5, 0.], fnorms = [5.51228e-05, 8.80651e-05, 0.000124789]
      Line search terminated: lambda = 1.51079, fnorms = 3.7575e-05
  6 SNES Function norm 3.757497463622e-05 
--------------------------------------------------------------------------
SNES Convergence Reason : ||F|| < atol 
Number of iterations    : 6
SNES solution time      : 1.44267 (sec)
--------------------------------------------------------------------------
Residual summary: 
   Continuity: 
      |Div|_inf = 1.006017862832e-09 
      |Div|_2   = 8.665335654336e-09 
   Momentum: 
      |mRes|_2  = 3.757497363705e-05 
   Energy: 
      |eRes|_2  = 1.909621531382e-16 
--------------------------------------------------------------------------
Actual time step : 0.10964 [Myr] 
--------------------------------------------------------------------------
Advection Passive tracers ... 
 Currently active tracers    :  67 
done (0.0122886 sec)
--------------------------------------------------------------------------
Performing marker control (subgrid algorithm)
Marker control [0]: (subgrid) cloned 1416 markers and merged 0 markers in 4.3756e-02 s
--------------------------------------------------------------------------
================================= STEP 5 =================================
--------------------------------------------------------------------------
Current time        : 0.43854 [Myr] 
Tentative time step : 0.10964 [Myr] 
--------------------------------------------------------------------------
Phase_Transition ... done (0.0115027 sec)
--------------------------------------------------------------------------
  0 SNES Function norm 5.344159048669e-01 
  0 PICARD ||F||/||F0||=1.000000e+00 
    Residual norms for js_ solve.
    0 KSP Residual norm 5.344159048669e-01 
    1 KSP Residual norm 7.280916123540e-06 
    2 KSP Residual norm 6.235211710338e-09 
  Linear js_ solve converged due to CONVERGED_ATOL iterations 2
      Line search: lambdas = [1., 0.5, 0.], fnorms = [0.00274147, 0.267215, 0.534416]
      Line search terminated: lambda = 0.999988, fnorms = 0.00274147
  1 SNES Function norm 2.741466607250e-03 
  1 PICARD ||F||/||F0||=5.129837e-03 
    Residual norms for js_ solve.
    0 KSP Residual norm 2.741466607250e-03 
    1 KSP Residual norm 2.426298478123e-08 
  Linear js_ solve converged due to CONVERGED_RTOL iterations 1
      Line search: lambdas = [1., 0.5, 0.], fnorms = [0.00185071, 0.00240187, 0.00274147]
      Line search terminated: lambda = 3.21234, fnorms = 0.00654264
  2 SNES Function norm 6.542644304538e-03 
  2 PICARD ||F||/||F0||=1.224261e-02 
    Residual norms for js_ solve.
    0 KSP Residual norm 6.542644304538e-03 
    1 KSP Residual norm 4.789411239794e-08 
  Linear js_ solve converged due to CONVERGED_RTOL iterations 1
      Line search: lambdas = [1., 0.5, 0.], fnorms = [0.000905106, 0.00390284, 0.00654264]
      Line search terminated: lambda = 1.29756, fnorms = 0.00134892
  3 SNES Function norm 1.348918265802e-03 
  3 PICARD ||F||/||F0||=2.524098e-03 
    Residual norms for js_ solve.
    0 KSP Residual norm 1.348918265802e-03 
    1 KSP Residual norm 1.846731337470e-08 
    2 KSP Residual norm 7.272574860752e-12 
  Linear js_ solve converged due to CONVERGED_ATOL iterations 2
      Line search: lambdas = [1., 0.5, 0.], fnorms = [0.000598031, 0.000927794, 0.00134892]
      Line search terminated: lambda = 1.30217, fnorms = 0.000532786
  4 SNES Function norm 5.327863820492e-04 
  4 PICARD ||F||/||F0||=9.969508e-04 
    Residual norms for js_ solve.
    0 KSP Residual norm 5.327863820492e-04 
    1 KSP Residual norm 7.249626774003e-09 
  Linear js_ solve converged due to CONVERGED_ATOL iterations 1
      Line search: lambdas = [1., 0.5, 0.], fnorms = [0.00022348, 0.000370297, 0.000532786]
      Line search terminated: lambda = 1.48179, fnorms = 0.00015571
  5 SNES Function norm 1.557095917824e-04 
  5 PICARD ||F||/||F0||=2.913641e-04 
    Residual norms for js_ solve.
    0 KSP Residual norm 1.557095917824e-04 
    1 KSP Residual norm 3.834362301198e-09 
  Linear js_ solve converged due to CONVERGED_ATOL iterations 1
      Line search: lambdas = [1., 0.5, 0.], fnorms = [5.8762e-05, 9.65206e-05, 0.00015571]
      Line search terminated: lambda = 1.07337, fnorms = 5.79614e-05
  6 SNES Function norm 5.796137347721e-05 
--------------------------------------------------------------------------
SNES Convergence Reason : ||F|| < atol 
Number of iterations    : 6
SNES solution time      : 1.39675 (sec)
--------------------------------------------------------------------------
Residual summary: 
   Continuity: 
      |Div|_inf = 5.475217166777e-10 
      |Div|_2   = 5.609286276078e-09 
   Momentum: 
      |mRes|_2  = 5.796137320579e-05 
   Energy: 
      |eRes|_2  = 1.983395699981e-16 
--------------------------------------------------------------------------
Actual time step : 0.10964 [Myr] 
--------------------------------------------------------------------------
Advection Passive tracers ... 
 Currently active tracers    :  125 
done (0.0127218 sec)
--------------------------------------------------------------------------
Performing marker control (subgrid algorithm)
Marker control [0]: (subgrid) cloned 1202 markers and merged 0 markers in 3.6668e-02 s
--------------------------------------------------------------------------
Saving output ... done (0.105536 sec)
--------------------------------------------------------------------------
================================= STEP 6 =================================
--------------------------------------------------------------------------
Current time        : 0.54818 [Myr] 
Tentative time step : 0.10964 [Myr] 
--------------------------------------------------------------------------
Phase_Transition ... done (0.0119488 sec)
--------------------------------------------------------------------------
  0 SNES Function norm 4.266686463188e-01 
  0 PICARD ||F||/||F0||=1.000000e+00 
    Residual norms for js_ solve.
    0 KSP Residual norm 4.266686463188e-01 
    1 KSP Residual norm 5.686866515156e-06 
    2 KSP Residual norm 6.408008313467e-09 
  Linear js_ solve converged due to CONVERGED_ATOL iterations 2
      Line search: lambdas = [1., 0.5, 0.], fnorms = [0.00235173, 0.213342, 0.426669]
      Line search terminated: lambda = 0.999992, fnorms = 0.00235173
  1 SNES Function norm 2.351731598087e-03 
  1 PICARD ||F||/||F0||=5.511845e-03 
    Residual norms for js_ solve.
    0 KSP Residual norm 2.351731598087e-03 
    1 KSP Residual norm 1.010023769623e-08 
  Linear js_ solve converged due to CONVERGED_RTOL iterations 1
      Line search: lambdas = [1., 0.5, 0.], fnorms = [0.00153708, 0.00205087, 0.00235173]
      Line search terminated: lambda = 3.0263, fnorms = 0.00312288
  2 SNES Function norm 3.122879970245e-03 
  2 PICARD ||F||/||F0||=7.319216e-03 
    Residual norms for js_ solve.
    0 KSP Residual norm 3.122879970245e-03 
    1 KSP Residual norm 1.229300919557e-08 
  Linear js_ solve converged due to CONVERGED_RTOL iterations 1
      Line search: lambdas = [1., 0.5, 0.], fnorms = [0.000853044, 0.00181226, 0.00312288]
      Line search terminated: lambda = 1.07681, fnorms = 0.000782891
  3 SNES Function norm 7.828910602730e-04 
  3 PICARD ||F||/||F0||=1.834892e-03 
    Residual norms for js_ solve.
    0 KSP Residual norm 7.828910602730e-04 
    1 KSP Residual norm 8.667798233893e-09 
  Linear js_ solve converged due to CONVERGED_ATOL iterations 1
      Line search: lambdas = [1., 0.5, 0.], fnorms = [0.00037237, 0.000564714, 0.000782891]
      Line search terminated: lambda = 1.54212, fnorms = 0.000232843
  4 SNES Function norm 2.328426510624e-04 
  4 PICARD ||F||/||F0||=5.457224e-04 
    Residual norms for js_ solve.
    0 KSP Residual norm 2.328426510624e-04 
    1 KSP Residual norm 4.625578914208e-09 
  Linear js_ solve converged due to CONVERGED_ATOL iterations 1
      Line search: lambdas = [1., 0.5, 0.], fnorms = [8.97152e-05, 0.000158377, 0.000232843]
      Line search terminated: lambda = 1.45401, fnorms = 5.4738e-05
  5 SNES Function norm 5.473797916825e-05 
--------------------------------------------------------------------------
SNES Convergence Reason : ||F|| < atol 
Number of iterations    : 5
SNES solution time      : 1.19327 (sec)
--------------------------------------------------------------------------
Residual summary: 
   Continuity: 
      |Div|_inf = 1.589614027763e-09 
      |Div|_2   = 1.379970590537e-08 
   Momentum: 
      |mRes|_2  = 5.473797742876e-05 
   Energy: 
      |eRes|_2  = 1.963466032966e-16 
--------------------------------------------------------------------------
Actual time step : 0.10964 [Myr] 
--------------------------------------------------------------------------
Advection Passive tracers ... 
 Currently active tracers    :  156 
done (0.0124645 sec)
--------------------------------------------------------------------------
Performing marker control (subgrid algorithm)
Marker control [0]: (subgrid) cloned 1093 markers and merged 0 markers in 3.7492e-02 s
--------------------------------------------------------------------------
================================= STEP 7 =================================
--------------------------------------------------------------------------
Current time        : 0.65781 [Myr] 
Tentative time step : 0.10964 [Myr] 
--------------------------------------------------------------------------
Phase_Transition ... done (0.0123277 sec)
--------------------------------------------------------------------------
  0 SNES Function norm 3.488784653455e-01 
  0 PICARD ||F||/||F0||=1.000000e+00 
    Residual norms for js_ solve.
    0 KSP Residual norm 3.488784653455e-01 
    1 KSP Residual norm 5.512236518936e-06 
    2 KSP Residual norm 4.834799794238e-09 
  Linear js_ solve converged due to CONVERGED_ATOL iterations 2
      Line search: lambdas = [1., 0.5, 0.], fnorms = [0.00133146, 0.174441, 0.348878]
      Line search terminated: lambda = 0.999989, fnorms = 0.00133145
  1 SNES Function norm 1.331454521028e-03 
  1 PICARD ||F||/||F0||=3.816385e-03 
    Residual norms for js_ solve.
    0 KSP Residual norm 1.331454521028e-03 
    1 KSP Residual norm 1.554875234438e-08 
    2 KSP Residual norm 1.106081974345e-11 
  Linear js_ solve converged due to CONVERGED_ATOL iterations 2
      Line search: lambdas = [1., 0.5, 0.], fnorms = [0.00117625, 0.00137116, 0.00133145]
      Line search terminated: lambda = 1.66114, fnorms = 0.00113232
  2 SNES Function norm 1.132323733510e-03 
  2 PICARD ||F||/||F0||=3.245611e-03 
    Residual norms for js_ solve.
    0 KSP Residual norm 1.132323733510e-03 
    1 KSP Residual norm 1.338332893866e-08 
    2 KSP Residual norm 1.103635499930e-11 
  Linear js_ solve converged due to CONVERGED_ATOL iterations 2
      Line search: lambdas = [1., 0.5, 0.], fnorms = [0.000193387, 0.000604738, 0.00113232]
      Line search terminated: lambda = 1.02911, fnorms = 0.000190946
  3 SNES Function norm 1.909464877092e-04 
  3 PICARD ||F||/||F0||=5.473152e-04 
    Residual norms for js_ solve.
    0 KSP Residual norm 1.909464877092e-04 
    1 KSP Residual norm 8.085479566590e-09 
  Linear js_ solve converged due to CONVERGED_ATOL iterations 1
      Line search: lambdas = [1., 0.5, 0.], fnorms = [8.0359e-05, 0.000133178, 0.000190946]
      Line search terminated: lambda = 1.50747, fnorms = 5.1477e-05
  4 SNES Function norm 5.147700662064e-05 
--------------------------------------------------------------------------
SNES Convergence Reason : ||F|| < atol 
Number of iterations    : 4
SNES solution time      : 0.979576 (sec)
--------------------------------------------------------------------------
Residual summary: 
   Continuity: 
      |Div|_inf = 7.124005422035e-10 
      |Div|_2   = 1.219297712947e-08 
   Momentum: 
      |mRes|_2  = 5.147700517661e-05 
   Energy: 
      |eRes|_2  = 2.034561139183e-16 
--------------------------------------------------------------------------
Actual time step : 0.10964 [Myr] 
--------------------------------------------------------------------------
Advection Passive tracers ... 
 Currently active tracers    :  196 
done (0.0125248 sec)
--------------------------------------------------------------------------
Performing marker control (subgrid algorithm)
Marker control [0]: (subgrid) cloned 1038 markers and merged 0 markers in 4.3175e-02 s
--------------------------------------------------------------------------
================================= STEP 8 =================================
--------------------------------------------------------------------------
Current time        : 0.76745 [Myr] 
Tentative time step : 0.10964 [Myr] 
--------------------------------------------------------------------------
Phase_Transition ... done (0.0124919 sec)
--------------------------------------------------------------------------
  0 SNES Function norm 3.429048478604e-01 
  0 PICARD ||F||/||F0||=1.000000e+00 
    Residual norms for js_ solve.
    0 KSP Residual norm 3.429048478604e-01 
    1 KSP Residual norm 3.823276323242e-06 
    2 KSP Residual norm 2.582098544052e-09 
  Linear js_ solve converged due to CONVERGED_ATOL iterations 2
      Line search: lambdas = [1., 0.5, 0.], fnorms = [0.000751105, 0.171454, 0.342905]
      Line search terminated: lambda = 1., fnorms = 0.000751106
  1 SNES Function norm 7.511062583973e-04 
  1 PICARD ||F||/||F0||=2.190422e-03 
    Residual norms for js_ solve.
    0 KSP Residual norm 7.511062583973e-04 
    1 KSP Residual norm 7.902691529176e-09 
  Linear js_ solve converged due to CONVERGED_ATOL iterations 1
      Line search: lambdas = [1., 0.5, 0.], fnorms = [0.00105369, 0.00114177, 0.000751106]
      Line search terminated: lambda = 1.35364, fnorms = 0.00102345
  2 SNES Function norm 1.023450803753e-03 
  2 PICARD ||F||/||F0||=2.984650e-03 
    Residual norms for js_ solve.
    0 KSP Residual norm 1.023450803753e-03 
    1 KSP Residual norm 8.503178967018e-09 
  Linear js_ solve converged due to CONVERGED_ATOL iterations 1
      Line search: lambdas = [1., 0.5, 0.], fnorms = [0.000163146, 0.000543429, 0.00102345]
      Line search terminated: lambda = 1.0279, fnorms = 0.000160831
  3 SNES Function norm 1.608311547564e-04 
  3 PICARD ||F||/||F0||=4.690256e-04 
    Residual norms for js_ solve.
    0 KSP Residual norm 1.608311547564e-04 
    1 KSP Residual norm 8.023752273876e-09 
  Linear js_ solve converged due to CONVERGED_ATOL iterations 1
      Line search: lambdas = [1., 0.5, 0.], fnorms = [7.74257e-05, 0.000117519, 0.000160831]
      Line search terminated: lambda = 1.67168, fnorms = 4.68129e-05
  4 SNES Function norm 4.681290098354e-05 
--------------------------------------------------------------------------
SNES Convergence Reason : ||F|| < atol 
Number of iterations    : 4
SNES solution time      : 0.902446 (sec)
--------------------------------------------------------------------------
Residual summary: 
   Continuity: 
      |Div|_inf = 2.164655975518e-09 
      |Div|_2   = 1.370434826940e-08 
   Momentum: 
      |mRes|_2  = 4.681289897758e-05 
   Energy: 
      |eRes|_2  = 2.021102489006e-16 
--------------------------------------------------------------------------
Actual time step : 0.10964 [Myr] 
--------------------------------------------------------------------------
Advection Passive tracers ... 
 Currently active tracers    :  260 
done (0.0128038 sec)
--------------------------------------------------------------------------
Performing marker control (subgrid algorithm)
Marker control [0]: (subgrid) cloned 874 markers and merged 0 markers in 4.1645e-02 s
--------------------------------------------------------------------------
================================= STEP 9 =================================
--------------------------------------------------------------------------
Current time        : 0.87708 [Myr] 
Tentative time step : 0.10964 [Myr] 
--------------------------------------------------------------------------
Phase_Transition ... done (0.0127144 sec)
--------------------------------------------------------------------------
  0 SNES Function norm 3.486965172190e-01 
  0 PICARD ||F||/||F0||=1.000000e+00 
    Residual norms for js_ solve.
    0 KSP Residual norm 3.486965172190e-01 
    1 KSP Residual norm 4.327836148020e-06 
    2 KSP Residual norm 3.086891200299e-09 
  Linear js_ solve converged due to CONVERGED_ATOL iterations 2
      Line search: lambdas = [1., 0.5, 0.], fnorms = [0.00173414, 0.174353, 0.348697]
      Line search terminated: lambda = 0.999992, fnorms = 0.00173414
  1 SNES Function norm 1.734138656574e-03 
  1 PICARD ||F||/||F0||=4.973203e-03 
    Residual norms for js_ solve.
    0 KSP Residual norm 1.734138656574e-03 
    1 KSP Residual norm 8.853303034473e-09 
  Linear js_ solve converged due to CONVERGED_ATOL iterations 1
      Line search: lambdas = [1., 0.5, 0.], fnorms = [0.00132582, 0.00164605, 0.00173414]
      Line search terminated: lambda = 1.97767, fnorms = 0.00114822
  2 SNES Function norm 1.148220360807e-03 
  2 PICARD ||F||/||F0||=3.292893e-03 
    Residual norms for js_ solve.
    0 KSP Residual norm 1.148220360807e-03 
    1 KSP Residual norm 9.377513161816e-09 
  Linear js_ solve converged due to CONVERGED_ATOL iterations 1
      Line search: lambdas = [1., 0.5, 0.], fnorms = [0.000182512, 0.000612691, 0.00114822]
      Line search terminated: lambda = 1.03462, fnorms = 0.000178309
  3 SNES Function norm 1.783092353573e-04 
  3 PICARD ||F||/||F0||=5.113594e-04 
    Residual norms for js_ solve.
    0 KSP Residual norm 1.783092353573e-04 
    1 KSP Residual norm 8.017162555676e-09 
  Linear js_ solve converged due to CONVERGED_ATOL iterations 1
      Line search: lambdas = [1., 0.5, 0.], fnorms = [8.46737e-05, 0.000127816, 0.000178309]
      Line search terminated: lambda = 1.47873, fnorms = 6.51746e-05
  4 SNES Function norm 6.517457793802e-05 
--------------------------------------------------------------------------
SNES Convergence Reason : ||F|| < atol 
Number of iterations    : 4
SNES solution time      : 0.966894 (sec)
--------------------------------------------------------------------------
Residual summary: 
   Continuity: 
      |Div|_inf = 1.635284450604e-09 
      |Div|_2   = 1.267169667780e-08 
   Momentum: 
      |mRes|_2  = 6.517457670616e-05 
   Energy: 
      |eRes|_2  = 2.045074522247e-16 
--------------------------------------------------------------------------
Actual time step : 0.10964 [Myr] 
--------------------------------------------------------------------------
Advection Passive tracers ... 
 Currently active tracers    :  307 
done (0.0125167 sec)
--------------------------------------------------------------------------
Performing marker control (subgrid algorithm)
Marker control [0]: (subgrid) cloned 843 markers and merged 0 markers in 4.2804e-02 s
--------------------------------------------------------------------------
================================ STEP 10 =================================
--------------------------------------------------------------------------
Current time        : 0.98672 [Myr] 
Tentative time step : 0.10964 [Myr] 
--------------------------------------------------------------------------
Phase_Transition ... done (0.013032 sec)
--------------------------------------------------------------------------
  0 SNES Function norm 3.296920162341e-01 
  0 PICARD ||F||/||F0||=1.000000e+00 
    Residual norms for js_ solve.
    0 KSP Residual norm 3.296920162341e-01 
    1 KSP Residual norm 4.325486736387e-06 
    2 KSP Residual norm 4.350541521822e-09 
  Linear js_ solve converged due to CONVERGED_ATOL iterations 2
      Line search: lambdas = [1., 0.5, 0.], fnorms = [0.00126131, 0.164849, 0.329692]
      Line search terminated: lambda = 0.999997, fnorms = 0.00126131
  1 SNES Function norm 1.261313366769e-03 
  1 PICARD ||F||/||F0||=3.825732e-03 
    Residual norms for js_ solve.
    0 KSP Residual norm 1.261313366769e-03 
    1 KSP Residual norm 6.608378684563e-09 
  Linear js_ solve converged due to CONVERGED_ATOL iterations 1
      Line search: lambdas = [1., 0.5, 0.], fnorms = [0.00118013, 0.00137693, 0.00126131]
      Line search terminated: lambda = 1.56131, fnorms = 0.00108204
  2 SNES Function norm 1.082035774974e-03 
  2 PICARD ||F||/||F0||=3.281959e-03 
    Residual norms for js_ solve.
    0 KSP Residual norm 1.082035774974e-03 
    1 KSP Residual norm 9.254589666395e-09 
  Linear js_ solve converged due to CONVERGED_ATOL iterations 1
      Line search: lambdas = [1., 0.5, 0.], fnorms = [0.000201256, 0.000586994, 0.00108204]
      Line search terminated: lambda = 1.04114, fnorms = 0.000196774
  3 SNES Function norm 1.967737128621e-04 
  3 PICARD ||F||/||F0||=5.968410e-04 
    Residual norms for js_ solve.
    0 KSP Residual norm 1.967737128621e-04 
    1 KSP Residual norm 8.117458483303e-09 
  Linear js_ solve converged due to CONVERGED_ATOL iterations 1
      Line search: lambdas = [1., 0.5, 0.], fnorms = [9.43032e-05, 0.000143154, 0.000196774]
      Line search terminated: lambda = 1.62525, fnorms = 6.1065e-05
  4 SNES Function norm 6.106497430296e-05 
--------------------------------------------------------------------------
SNES Convergence Reason : ||F|| < atol 
Number of iterations    : 4
SNES solution time      : 0.963429 (sec)
--------------------------------------------------------------------------
Residual summary: 
   Continuity: 
      |Div|_inf = 2.356841145263e-09 
      |Div|_2   = 1.311782952815e-08 
   Momentum: 
      |mRes|_2  = 6.106497289399e-05 
   Energy: 
      |eRes|_2  = 2.004438510491e-16 
--------------------------------------------------------------------------
Actual time step : 0.10964 [Myr] 
--------------------------------------------------------------------------
Advection Passive tracers ... 
 Currently active tracers    :  336 
done (0.0122011 sec)
--------------------------------------------------------------------------
Performing marker control (subgrid algorithm)
Marker control [0]: (subgrid) cloned 715 markers and merged 0 markers in 2.4605e-02 s
--------------------------------------------------------------------------
Saving output ... done (0.116539 sec)
--------------------------------------------------------------------------
================================ STEP 11 =================================
--------------------------------------------------------------------------
Current time        : 1.09636 [Myr] 
Tentative time step : 0.10964 [Myr] 
--------------------------------------------------------------------------
Phase_Transition ... done (0.0134881 sec)
--------------------------------------------------------------------------
  0 SNES Function norm 2.588176657031e-01 
  0 PICARD ||F||/||F0||=1.000000e+00 
    Residual norms for js_ solve.
    0 KSP Residual norm 2.588176657031e-01 
    1 KSP Residual norm 3.320896992288e-06 
    2 KSP Residual norm 4.171031065946e-09 
  Linear js_ solve converged due to CONVERGED_ATOL iterations 2
      Line search: lambdas = [1., 0.5, 0.], fnorms = [0.00296534, 0.129432, 0.258818]
      Line search terminated: lambda = 0.999983, fnorms = 0.0029653
  1 SNES Function norm 2.965296189231e-03 
  1 PICARD ||F||/||F0||=1.145709e-02 
    Residual norms for js_ solve.
    0 KSP Residual norm 2.965296189231e-03 
    1 KSP Residual norm 8.082507913915e-09 
  Linear js_ solve converged due to CONVERGED_ATOL iterations 1
      Line search: lambdas = [1., 0.5, 0.], fnorms = [0.00182127, 0.00229905, 0.0029653]
      Line search terminated: lambda = 1.38968, fnorms = 0.00175368
  2 SNES Function norm 1.753676558428e-03 
  2 PICARD ||F||/||F0||=6.775722e-03 
    Residual norms for js_ solve.
    0 KSP Residual norm 1.753676558428e-03 
    1 KSP Residual norm 9.997753041108e-09 
  Linear js_ solve converged due to CONVERGED_ATOL iterations 1
      Line search: lambdas = [1., 0.5, 0.], fnorms = [0.000463518, 0.00104414, 0.00175368]
      Line search terminated: lambda = 1.14439, fnorms = 0.000408896
  3 SNES Function norm 4.088962367089e-04 
  3 PICARD ||F||/||F0||=1.579862e-03 
    Residual norms for js_ solve.
    0 KSP Residual norm 4.088962367089e-04 
    1 KSP Residual norm 8.741789034985e-09 
  Linear js_ solve converged due to CONVERGED_ATOL iterations 1
      Line search: lambdas = [1., 0.5, 0.], fnorms = [0.000180912, 0.00028628, 0.000408896]
      Line search terminated: lambda = 1.43347, fnorms = 0.000138692
  4 SNES Function norm 1.386919303480e-04 
  4 PICARD ||F||/||F0||=5.358673e-04 
    Residual norms for js_ solve.
    0 KSP Residual norm 1.386919303480e-04 
    1 KSP Residual norm 4.548038307187e-09 
  Linear js_ solve converged due to CONVERGED_ATOL iterations 1
      Line search: lambdas = [1., 0.5, 0.], fnorms = [4.4922e-05, 8.77664e-05, 0.000138692]
      Line search terminated: lambda = 1.2361, fnorms = 3.69398e-05
  5 SNES Function norm 3.693984759804e-05 
--------------------------------------------------------------------------
SNES Convergence Reason : ||F|| < atol 
Number of iterations    : 5
SNES solution time      : 1.18758 (sec)
--------------------------------------------------------------------------
Residual summary: 
   Continuity: 
      |Div|_inf = 7.260783664847e-10 
      |Div|_2   = 8.456755816316e-09 
   Momentum: 
      |mRes|_2  = 3.693984663002e-05 
   Energy: 
      |eRes|_2  = 1.996031795127e-16 
--------------------------------------------------------------------------
Actual time step : 0.10964 [Myr] 
--------------------------------------------------------------------------
Advection Passive tracers ... 
 Currently active tracers    :  378 
done (0.0125875 sec)
--------------------------------------------------------------------------
Performing marker control (subgrid algorithm)
Marker control [0]: (subgrid) cloned 648 markers and merged 0 markers in 4.1038e-02 s
--------------------------------------------------------------------------
================================ STEP 12 =================================
--------------------------------------------------------------------------
Current time        : 1.20599 [Myr] 
Tentative time step : 0.10964 [Myr] 
--------------------------------------------------------------------------
Phase_Transition ... done (0.0135436 sec)
--------------------------------------------------------------------------
  0 SNES Function norm 2.735195178284e-01 
  0 PICARD ||F||/||F0||=1.000000e+00 
    Residual norms for js_ solve.
    0 KSP Residual norm 2.735195178284e-01 
    1 KSP Residual norm 3.356645833548e-06 
    2 KSP Residual norm 3.170475232834e-09 
  Linear js_ solve converged due to CONVERGED_ATOL iterations 2
      Line search: lambdas = [1., 0.5, 0.], fnorms = [0.00159079, 0.136764, 0.27352]
      Line search terminated: lambda = 0.999984, fnorms = 0.00159078
  1 SNES Function norm 1.590782400886e-03 
  1 PICARD ||F||/||F0||=5.815974e-03 
    Residual norms for js_ solve.
    0 KSP Residual norm 1.590782400886e-03 
    1 KSP Residual norm 7.760559306606e-09 
  Linear js_ solve converged due to CONVERGED_ATOL iterations 1
      Line search: lambdas = [1., 0.5, 0.], fnorms = [0.00127105, 0.00153033, 0.00159078]
      Line search terminated: lambda = 1.92545, fnorms = 0.0011231
  2 SNES Function norm 1.123097874003e-03 
  2 PICARD ||F||/||F0||=4.106098e-03 
    Residual norms for js_ solve.
    0 KSP Residual norm 1.123097874003e-03 
    1 KSP Residual norm 1.091618759608e-08 
  Linear js_ solve converged due to CONVERGED_RTOL iterations 1
      Line search: lambdas = [1., 0.5, 0.], fnorms = [0.000176277, 0.000596723, 0.0011231]
      Line search terminated: lambda = 1.03005, fnorms = 0.000173172
  3 SNES Function norm 1.731719960278e-04 
  3 PICARD ||F||/||F0||=6.331248e-04 
    Residual norms for js_ solve.
    0 KSP Residual norm 1.731719960278e-04 
    1 KSP Residual norm 8.122034899649e-09 
  Linear js_ solve converged due to CONVERGED_ATOL iterations 1
      Line search: lambdas = [1., 0.5, 0.], fnorms = [6.94534e-05, 0.000118886, 0.000173172]
      Line search terminated: lambda = 1.46126, fnorms = 4.53536e-05
  4 SNES Function norm 4.535364193210e-05 
--------------------------------------------------------------------------
SNES Convergence Reason : ||F|| < atol 
Number of iterations    : 4
SNES solution time      : 0.959903 (sec)
--------------------------------------------------------------------------
Residual summary: 
   Continuity: 
      |Div|_inf = 1.879435495329e-09 
      |Div|_2   = 1.104141245758e-08 
   Momentum: 
      |mRes|_2  = 4.535364058807e-05 
   Energy: 
      |eRes|_2  = 2.047213704172e-16 
--------------------------------------------------------------------------
Actual time step : 0.10964 [Myr] 
--------------------------------------------------------------------------
Advection Passive tracers ... 
 Currently active tracers    :  440 
done (0.0128829 sec)
--------------------------------------------------------------------------
Performing marker control (subgrid algorithm)
Marker control [0]: (subgrid) cloned 608 markers and merged 0 markers in 4.0986e-02 s
--------------------------------------------------------------------------
================================ STEP 13 =================================
--------------------------------------------------------------------------
Current time        : 1.31563 [Myr] 
Tentative time step : 0.10964 [Myr] 
--------------------------------------------------------------------------
Phase_Transition ... done (0.013679 sec)
--------------------------------------------------------------------------
  0 SNES Function norm 2.659460113523e-01 
  0 PICARD ||F||/||F0||=1.000000e+00 
    Residual norms for js_ solve.
    0 KSP Residual norm 2.659460113523e-01 
    1 KSP Residual norm 3.387489134590e-06 
    2 KSP Residual norm 3.920325045540e-09 
  Linear js_ solve converged due to CONVERGED_ATOL iterations 2
      Line search: lambdas = [1., 0.5, 0.], fnorms = [0.0026743, 0.132984, 0.265946]
      Line search terminated: lambda = 0.999928, fnorms = 0.00267424
  1 SNES Function norm 2.674235710362e-03 
  1 PICARD ||F||/||F0||=1.005556e-02 
    Residual norms for js_ solve.
    0 KSP Residual norm 2.674235710362e-03 
    1 KSP Residual norm 1.811851119911e-08 
  Linear js_ solve converged due to CONVERGED_RTOL iterations 1
      Line search: lambdas = [1., 0.5, 0.], fnorms = [0.00156641, 0.002119, 0.00267424]
      Line search terminated: lambda = 2.37976, fnorms = 0.00204417
  2 SNES Function norm 2.044173674522e-03 
  2 PICARD ||F||/||F0||=7.686424e-03 
    Residual norms for js_ solve.
    0 KSP Residual norm 2.044173674522e-03 
    1 KSP Residual norm 2.175847724126e-08 
    2 KSP Residual norm 1.870175660589e-11 
  Linear js_ solve converged due to CONVERGED_ATOL iterations 2
      Line search: lambdas = [1., 0.5, 0.], fnorms = [0.000465803, 0.0011009, 0.00204417]
      Line search terminated: lambda = 1.00232, fnorms = 0.000465738
  3 SNES Function norm 4.657380845857e-04 
  3 PICARD ||F||/||F0||=1.751250e-03 
    Residual norms for js_ solve.
    0 KSP Residual norm 4.657380845857e-04 
    1 KSP Residual norm 8.229174646399e-09 
  Linear js_ solve converged due to CONVERGED_ATOL iterations 1
      Line search: lambdas = [1., 0.5, 0.], fnorms = [0.00016721, 0.000308343, 0.000465738]
      Line search terminated: lambda = 1.36327, fnorms = 0.000114808
  4 SNES Function norm 1.148082380047e-04 
  4 PICARD ||F||/||F0||=4.316975e-04 
    Residual norms for js_ solve.
    0 KSP Residual norm 1.148082380047e-04 
    1 KSP Residual norm 2.279981164309e-09 
  Linear js_ solve converged due to CONVERGED_ATOL iterations 1
      Line search: lambdas = [1., 0.5, 0.], fnorms = [4.32404e-05, 7.74777e-05, 0.000114808]
      Line search terminated: lambda = 1.42865, fnorms = 2.72563e-05
  5 SNES Function norm 2.725632811934e-05 
--------------------------------------------------------------------------
SNES Convergence Reason : ||F|| < atol 
Number of iterations    : 5
SNES solution time      : 1.20268 (sec)
--------------------------------------------------------------------------
Residual summary: 
   Continuity: 
      |Div|_inf = 7.354756734648e-10 
      |Div|_2   = 8.021273116684e-09 
   Momentum: 
      |mRes|_2  = 2.725632693904e-05 
   Energy: 
      |eRes|_2  = 2.030976362279e-16 
--------------------------------------------------------------------------
Actual time step : 0.10964 [Myr] 
--------------------------------------------------------------------------
Advection Passive tracers ... 
 Currently active tracers    :  479 
done (0.012136 sec)
--------------------------------------------------------------------------
Performing marker control (subgrid algorithm)
Marker control [0]: (subgrid) cloned 581 markers and merged 0 markers in 4.0714e-02 s
--------------------------------------------------------------------------
================================ STEP 14 =================================
--------------------------------------------------------------------------
Current time        : 1.42526 [Myr] 
Tentative time step : 0.10964 [Myr] 
--------------------------------------------------------------------------
Phase_Transition ... done (0.0140288 sec)
--------------------------------------------------------------------------
  0 SNES Function norm 2.285458553661e-01 
  0 PICARD ||F||/||F0||=1.000000e+00 
    Residual norms for js_ solve.
    0 KSP Residual norm 2.285458553661e-01 
    1 KSP Residual norm 3.390422343565e-06 
    2 KSP Residual norm 2.418376548544e-09 
  Linear js_ solve converged due to CONVERGED_ATOL iterations 2
      Line search: lambdas = [1., 0.5, 0.], fnorms = [0.00391348, 0.114313, 0.228546]
      Line search terminated: lambda = 0.999909, fnorms = 0.00391354
  1 SNES Function norm 3.913540221094e-03 
  1 PICARD ||F||/||F0||=1.712365e-02 
    Residual norms for js_ solve.
    0 KSP Residual norm 3.913540221094e-03 
    1 KSP Residual norm 1.332199651125e-08 
  Linear js_ solve converged due to CONVERGED_RTOL iterations 1
      Line search: lambdas = [1., 0.5, 0.], fnorms = [0.00209765, 0.00312037, 0.00391354]
      Line search terminated: lambda = 1., fnorms = 0.00209765
  2 SNES Function norm 2.097650516922e-03 
  2 PICARD ||F||/||F0||=9.178248e-03 
    Residual norms for js_ solve.
    0 KSP Residual norm 2.097650516922e-03 
    1 KSP Residual norm 1.043279635656e-08 
  Linear js_ solve converged due to CONVERGED_RTOL iterations 1
      Line search: lambdas = [1., 0.5, 0.], fnorms = [0.00087471, 0.00146217, 0.00209765]
      Line search terminated: lambda = 1.5218, fnorms = 0.000651038
  3 SNES Function norm 6.510383609113e-04 
  3 PICARD ||F||/||F0||=2.848612e-03 
    Residual norms for js_ solve.
    0 KSP Residual norm 6.510383609113e-04 
    1 KSP Residual norm 1.169902306767e-08 
    2 KSP Residual norm 3.503564394486e-12 
  Linear js_ solve converged due to CONVERGED_ATOL iterations 2
      Line search: lambdas = [1., 0.5, 0.], fnorms = [0.000178602, 0.000384098, 0.000651038]
      Line search terminated: lambda = 1.10981, fnorms = 0.000167448
  4 SNES Function norm 1.674483256278e-04 
  4 PICARD ||F||/||F0||=7.326684e-04 
    Residual norms for js_ solve.
    0 KSP Residual norm 1.674483256278e-04 
    1 KSP Residual norm 4.886055630273e-09 
  Linear js_ solve converged due to CONVERGED_ATOL iterations 1
      Line search: lambdas = [1., 0.5, 0.], fnorms = [7.71359e-05, 0.000119866, 0.000167448]
      Line search terminated: lambda = 1.55121, fnorms = 5.2693e-05
  5 SNES Function norm 5.269302538626e-05 
--------------------------------------------------------------------------
SNES Convergence Reason : ||F|| < atol 
Number of iterations    : 5
SNES solution time      : 1.19713 (sec)
--------------------------------------------------------------------------
Residual summary: 
   Continuity: 
      |Div|_inf = 5.853768536660e-10 
      |Div|_2   = 7.320220587752e-09 
   Momentum: 
      |mRes|_2  = 5.269302487780e-05 
   Energy: 
      |eRes|_2  = 2.100654411781e-16 
--------------------------------------------------------------------------
Actual time step : 0.10964 [Myr] 
--------------------------------------------------------------------------
Advection Passive tracers ... 
 Currently active tracers    :  519 
done (0.0125043 sec)
--------------------------------------------------------------------------
Performing marker control (subgrid algorithm)
Marker control [0]: (subgrid) cloned 541 markers and merged 0 markers in 4.0641e-02 s
--------------------------------------------------------------------------
================================ STEP 15 =================================
--------------------------------------------------------------------------
Current time        : 1.53490 [Myr] 
Tentative time step : 0.10964 [Myr] 
--------------------------------------------------------------------------
Phase_Transition ... done (0.0140982 sec)
--------------------------------------------------------------------------
  0 SNES Function norm 2.358169816693e-01 
  0 PICARD ||F||/||F0||=1.000000e+00 
    Residual norms for js_ solve.
    0 KSP Residual norm 2.358169816693e-01 
    1 KSP Residual norm 3.677394717693e-06 
    2 KSP Residual norm 2.050444676850e-09 
  Linear js_ solve converged due to CONVERGED_ATOL iterations 2
      Line search: lambdas = [1., 0.5, 0.], fnorms = [0.00195576, 0.117915, 0.235817]
      Line search terminated: lambda = 0.999954, fnorms = 0.00195573
  1 SNES Function norm 1.955731910949e-03 
  1 PICARD ||F||/||F0||=8.293431e-03 
    Residual norms for js_ solve.
    0 KSP Residual norm 1.955731910949e-03 
    1 KSP Residual norm 6.021213578169e-09 
  Linear js_ solve converged due to CONVERGED_ATOL iterations 1
      Line search: lambdas = [1., 0.5, 0.], fnorms = [0.00120398, 0.00162421, 0.00195573]
      Line search terminated: lambda = 1., fnorms = 0.00120398
  2 SNES Function norm 1.203984010140e-03 
  2 PICARD ||F||/||F0||=5.105587e-03 
    Residual norms for js_ solve.
    0 KSP Residual norm 1.203984010140e-03 
    1 KSP Residual norm 9.899133305059e-09 
  Linear js_ solve converged due to CONVERGED_ATOL iterations 1
      Line search: lambdas = [1., 0.5, 0.], fnorms = [0.000329181, 0.000709096, 0.00120398]
      Line search terminated: lambda = 1.1071, fnorms = 0.000309839
  3 SNES Function norm 3.098387918326e-04 
  3 PICARD ||F||/||F0||=1.313895e-03 
    Residual norms for js_ solve.
    0 KSP Residual norm 3.098387918326e-04 
    1 KSP Residual norm 8.476196841796e-09 
  Linear js_ solve converged due to CONVERGED_ATOL iterations 1
      Line search: lambdas = [1., 0.5, 0.], fnorms = [0.000138362, 0.000219903, 0.000309839]
      Line search terminated: lambda = 1.54256, fnorms = 9.15906e-05
  4 SNES Function norm 9.159058780994e-05 
--------------------------------------------------------------------------
SNES Convergence Reason : ||F|| < atol 
Number of iterations    : 4
SNES solution time      : 0.949642 (sec)
--------------------------------------------------------------------------
Residual summary: 
   Continuity: 
      |Div|_inf = 2.908806823177e-09 
      |Div|_2   = 1.324590518591e-08 
   Momentum: 
      |mRes|_2  = 9.159058685212e-05 
   Energy: 
      |eRes|_2  = 2.081495127394e-16 
--------------------------------------------------------------------------
Actual time step : 0.10964 [Myr] 
--------------------------------------------------------------------------
Advection Passive tracers ... 
 Currently active tracers    :  574 
done (0.00760651 sec)
--------------------------------------------------------------------------
Performing marker control (subgrid algorithm)
Marker control [0]: (subgrid) cloned 534 markers and merged 0 markers in 4.1209e-02 s
--------------------------------------------------------------------------
Saving output ... done (0.121682 sec)
--------------------------------------------------------------------------
================================ STEP 16 =================================
--------------------------------------------------------------------------
Current time        : 1.64453 [Myr] 
Tentative time step : 0.10964 [Myr] 
--------------------------------------------------------------------------
Phase_Transition ... done (0.014457 sec)
--------------------------------------------------------------------------
  0 SNES Function norm 2.184629153380e-01 
  0 PICARD ||F||/||F0||=1.000000e+00 
    Residual norms for js_ solve.
    0 KSP Residual norm 2.184629153380e-01 
    1 KSP Residual norm 3.546462107202e-06 
    2 KSP Residual norm 2.415194883167e-09 
  Linear js_ solve converged due to CONVERGED_ATOL iterations 2
      Line search: lambdas = [1., 0.5, 0.], fnorms = [0.00185427, 0.109238, 0.218463]
      Line search terminated: lambda = 0.999951, fnorms = 0.00185424
  1 SNES Function norm 1.854235567092e-03 
  1 PICARD ||F||/||F0||=8.487645e-03 
    Residual norms for js_ solve.
    0 KSP Residual norm 1.854235567092e-03 
    1 KSP Residual norm 6.675476063807e-09 
  Linear js_ solve converged due to CONVERGED_ATOL iterations 1
      Line search: lambdas = [1., 0.5, 0.], fnorms = [0.00138303, 0.00172045, 0.00185424]
      Line search terminated: lambda = 2.17029, fnorms = 0.00137711
  2 SNES Function norm 1.377112036816e-03 
  2 PICARD ||F||/||F0||=6.303642e-03 
    Residual norms for js_ solve.
    0 KSP Residual norm 1.377112036816e-03 
    1 KSP Residual norm 1.030807919111e-08 
  Linear js_ solve converged due to CONVERGED_RTOL iterations 1
      Line search: lambdas = [1., 0.5, 0.], fnorms = [0.000306847, 0.000743629, 0.00137711]
      Line search terminated: lambda = 1.00934, fnorms = 0.00030654
  3 SNES Function norm 3.065403987485e-04 
  3 PICARD ||F||/||F0||=1.403169e-03 
    Residual norms for js_ solve.
    0 KSP Residual norm 3.065403987485e-04 
    1 KSP Residual norm 7.699174415066e-09 
  Linear js_ solve converged due to CONVERGED_ATOL iterations 1
      Line search: lambdas = [1., 0.5, 0.], fnorms = [0.000115147, 0.000205448, 0.00030654]
      Line search terminated: lambda = 1.38464, fnorms = 7.97423e-05
  4 SNES Function norm 7.974226803158e-05 
--------------------------------------------------------------------------
SNES Convergence Reason : ||F|| < atol 
Number of iterations    : 4
SNES solution time      : 0.956111 (sec)
--------------------------------------------------------------------------
Residual summary: 
   Continuity: 
      |Div|_inf = 1.366560451415e-09 
      |Div|_2   = 1.166721421586e-08 
   Momentum: 
      |mRes|_2  = 7.974226717806e-05 
   Energy: 
      |eRes|_2  = 2.081184493174e-16 
--------------------------------------------------------------------------
Actual time step : 0.10964 [Myr] 
--------------------------------------------------------------------------
Advection Passive tracers ... 
 Currently active tracers    :  632 
done (0.0126612 sec)
--------------------------------------------------------------------------
Performing marker control (subgrid algorithm)
Marker control [0]: (subgrid) cloned 501 markers and merged 0 markers in 4.1139e-02 s
--------------------------------------------------------------------------
================================ STEP 17 =================================
--------------------------------------------------------------------------
Current time        : 1.75417 [Myr] 
Tentative time step : 0.10964 [Myr] 
--------------------------------------------------------------------------
Phase_Transition ... done (0.0143945 sec)
--------------------------------------------------------------------------
  0 SNES Function norm 2.369847633905e-01 
  0 PICARD ||F||/||F0||=1.000000e+00 
    Residual norms for js_ solve.
    0 KSP Residual norm 2.369847633905e-01 
    1 KSP Residual norm 3.237788896659e-06 
    2 KSP Residual norm 2.768951199754e-09 
  Linear js_ solve converged due to CONVERGED_ATOL iterations 2
      Line search: lambdas = [1., 0.5, 0.], fnorms = [0.0019937, 0.118498, 0.236985]
      Line search terminated: lambda = 0.999945, fnorms = 0.00199367
  1 SNES Function norm 1.993666640587e-03 
  1 PICARD ||F||/||F0||=8.412636e-03 
    Residual norms for js_ solve.
    0 KSP Residual norm 1.993666640587e-03 
    1 KSP Residual norm 7.051476269593e-09 
  Linear js_ solve converged due to CONVERGED_ATOL iterations 1
      Line search: lambdas = [1., 0.5, 0.], fnorms = [0.0014167, 0.00175918, 0.00199367]
      Line search terminated: lambda = 3.86836, fnorms = 0.00321621
  2 SNES Function norm 3.216206228629e-03 
  2 PICARD ||F||/||F0||=1.357136e-02 
    Residual norms for js_ solve.
    0 KSP Residual norm 3.216206228629e-03 
    1 KSP Residual norm 1.766127159536e-08 
  Linear js_ solve converged due to CONVERGED_RTOL iterations 1
      Line search: lambdas = [1., 0.5, 0.], fnorms = [0.000840084, 0.00178028, 0.00321621]
      Line search terminated: lambda = 1.01148, fnorms = 0.000838102
  3 SNES Function norm 8.381015206361e-04 
  3 PICARD ||F||/||F0||=3.536521e-03 
    Residual norms for js_ solve.
    0 KSP Residual norm 8.381015206361e-04 
    1 KSP Residual norm 8.146239888925e-09 
  Linear js_ solve converged due to CONVERGED_ATOL iterations 1
      Line search: lambdas = [1., 0.5, 0.], fnorms = [0.000365364, 0.00057887, 0.000838102]
      Line search terminated: lambda = 1.35824, fnorms = 0.000301617
  4 SNES Function norm 3.016165947183e-04 
  4 PICARD ||F||/||F0||=1.272726e-03 
    Residual norms for js_ solve.
    0 KSP Residual norm 3.016165947183e-04 
    1 KSP Residual norm 2.277514551516e-09 
  Linear js_ solve converged due to CONVERGED_ATOL iterations 1
      Line search: lambdas = [1., 0.5, 0.], fnorms = [0.000144428, 0.000217271, 0.000301617]
      Line search terminated: lambda = 1.50628, fnorms = 0.000110164
  5 SNES Function norm 1.101644655953e-04 
  5 PICARD ||F||/||F0||=4.648589e-04 
    Residual norms for js_ solve.
    0 KSP Residual norm 1.101644655953e-04 
    1 KSP Residual norm 9.261181584864e-10 
  Linear js_ solve converged due to CONVERGED_ATOL iterations 1
      Line search: lambdas = [1., 0.5, 0.], fnorms = [4.53536e-05, 7.64805e-05, 0.000110164]
      Line search terminated: lambda = 1.5101, fnorms = 2.83074e-05
  6 SNES Function norm 2.830739091349e-05 
--------------------------------------------------------------------------
SNES Convergence Reason : ||F|| < atol 
Number of iterations    : 6
SNES solution time      : 1.42161 (sec)
--------------------------------------------------------------------------
Residual summary: 
   Continuity: 
      |Div|_inf = 6.168293966676e-10 
      |Div|_2   = 5.972652000023e-09 
   Momentum: 
      |mRes|_2  = 2.830739028339e-05 
   Energy: 
      |eRes|_2  = 2.088042805020e-16 
--------------------------------------------------------------------------
Actual time step : 0.10964 [Myr] 
--------------------------------------------------------------------------
Advection Passive tracers ... 
 Currently active tracers    :  677 
done (0.0123947 sec)
--------------------------------------------------------------------------
Performing marker control (subgrid algorithm)
Marker control [0]: (subgrid) cloned 455 markers and merged 0 markers in 4.1505e-02 s
--------------------------------------------------------------------------
================================ STEP 18 =================================
--------------------------------------------------------------------------
Current time        : 1.86380 [Myr] 
Tentative time step : 0.10964 [Myr] 
--------------------------------------------------------------------------
Phase_Transition ... done (0.0144792 sec)
--------------------------------------------------------------------------
  0 SNES Function norm 2.035211673907e-01 
  0 PICARD ||F||/||F0||=1.000000e+00 
    Residual norms for js_ solve.
    0 KSP Residual norm 2.035211673907e-01 
    1 KSP Residual norm 3.085591391269e-06 
    2 KSP Residual norm 2.258815026435e-09 
  Linear js_ solve converged due to CONVERGED_ATOL iterations 2
      Line search: lambdas = [1., 0.5, 0.], fnorms = [0.00208915, 0.101773, 0.203521]
      Line search terminated: lambda = 0.999964, fnorms = 0.00208911
  1 SNES Function norm 2.089106551601e-03 
  1 PICARD ||F||/||F0||=1.026481e-02 
    Residual norms for js_ solve.
    0 KSP Residual norm 2.089106551601e-03 
    1 KSP Residual norm 5.983444846128e-09 
  Linear js_ solve converged due to CONVERGED_ATOL iterations 1
      Line search: lambdas = [1., 0.5, 0.], fnorms = [0.00133664, 0.00181088, 0.00208911]
      Line search terminated: lambda = 3.08089, fnorms = 0.00349918
  2 SNES Function norm 3.499176080036e-03 
  2 PICARD ||F||/||F0||=1.719318e-02 
    Residual norms for js_ solve.
    0 KSP Residual norm 3.499176080036e-03 
    1 KSP Residual norm 1.271269541903e-08 
  Linear js_ solve converged due to CONVERGED_RTOL iterations 1
      Line search: lambdas = [1., 0.5, 0.], fnorms = [0.000491764, 0.00174809, 0.00349918]
      Line search terminated: lambda = 0.970724, fnorms = 0.000501017
  3 SNES Function norm 5.010170155143e-04 
  3 PICARD ||F||/||F0||=2.461744e-03 
    Residual norms for js_ solve.
    0 KSP Residual norm 5.010170155143e-04 
    1 KSP Residual norm 7.626936297277e-09 
  Linear js_ solve converged due to CONVERGED_ATOL iterations 1
      Line search: lambdas = [1., 0.5, 0.], fnorms = [0.000210277, 0.000342523, 0.000501017]
      Line search terminated: lambda = 1.35328, fnorms = 0.00016857
  4 SNES Function norm 1.685696321344e-04 
  4 PICARD ||F||/||F0||=8.282658e-04 
    Residual norms for js_ solve.
    0 KSP Residual norm 1.685696321344e-04 
    1 KSP Residual norm 1.693994737622e-09 
  Linear js_ solve converged due to CONVERGED_ATOL iterations 1
      Line search: lambdas = [1., 0.5, 0.], fnorms = [7.15595e-05, 0.000115902, 0.00016857]
      Line search terminated: lambda = 1.37311, fnorms = 5.70534e-05
  5 SNES Function norm 5.705335625830e-05 
--------------------------------------------------------------------------
SNES Convergence Reason : ||F|| < atol 
Number of iterations    : 5
SNES solution time      : 1.18707 (sec)
--------------------------------------------------------------------------
Residual summary: 
   Continuity: 
      |Div|_inf = 3.797184355981e-10 
      |Div|_2   = 6.086004110090e-09 
   Momentum: 
      |mRes|_2  = 5.705335593370e-05 
   Energy: 
      |eRes|_2  = 2.142610880285e-16 
--------------------------------------------------------------------------
Actual time step : 0.10964 [Myr] 
--------------------------------------------------------------------------
Advection Passive tracers ... 
 Currently active tracers    :  722 
done (0.0123458 sec)
--------------------------------------------------------------------------
Performing marker control (subgrid algorithm)
Marker control [0]: (subgrid) cloned 458 markers and merged 0 markers in 4.8947e-02 s
--------------------------------------------------------------------------
================================ STEP 19 =================================
--------------------------------------------------------------------------
Current time        : 1.97344 [Myr] 
Tentative time step : 0.10964 [Myr] 
--------------------------------------------------------------------------
Phase_Transition ... done (0.0146611 sec)
--------------------------------------------------------------------------
  0 SNES Function norm 1.850956517371e-01 
  0 PICARD ||F||/||F0||=1.000000e+00 
    Residual norms for js_ solve.
    0 KSP Residual norm 1.850956517371e-01 
    1 KSP Residual norm 2.646983147599e-06 
    2 KSP Residual norm 1.775707819662e-09 
  Linear js_ solve converged due to CONVERGED_ATOL iterations 2
      Line search: lambdas = [1., 0.5, 0.], fnorms = [0.00204873, 0.0925602, 0.185096]
      Line search terminated: lambda = 0.99995, fnorms = 0.00204875
  1 SNES Function norm 2.048747140905e-03 
  1 PICARD ||F||/||F0||=1.106859e-02 
    Residual norms for js_ solve.
    0 KSP Residual norm 2.048747140905e-03 
    1 KSP Residual norm 6.017094309212e-09 
  Linear js_ solve converged due to CONVERGED_ATOL iterations 1
      Line search: lambdas = [1., 0.5, 0.], fnorms = [0.00148426, 0.00186745, 0.00204875]
      Line search terminated: lambda = 2.36815, fnorms = 0.00251552
  2 SNES Function norm 2.515524852038e-03 
  2 PICARD ||F||/||F0||=1.359040e-02 
    Residual norms for js_ solve.
    0 KSP Residual norm 2.515524852038e-03 
    1 KSP Residual norm 1.046703220671e-08 
  Linear js_ solve converged due to CONVERGED_RTOL iterations 1
      Line search: lambdas = [1., 0.5, 0.], fnorms = [0.00103223, 0.00119459, 0.00251552]
      Line search terminated: lambda = 0.789825, fnorms = 0.000893504
  3 SNES Function norm 8.935044005563e-04 
  3 PICARD ||F||/||F0||=4.827258e-03 
    Residual norms for js_ solve.
    0 KSP Residual norm 8.935044005563e-04 
    1 KSP Residual norm 7.045725585741e-09 
  Linear js_ solve converged due to CONVERGED_ATOL iterations 1
      Line search: lambdas = [1., 0.5, 0.], fnorms = [0.000436283, 0.000637965, 0.000893504]
      Line search terminated: lambda = 1.3701, fnorms = 0.000356675
  4 SNES Function norm 3.566749407998e-04 
  4 PICARD ||F||/||F0||=1.926976e-03 
    Residual norms for js_ solve.
    0 KSP Residual norm 3.566749407998e-04 
    1 KSP Residual norm 8.914620965397e-10 
  Linear js_ solve converged due to CONVERGED_ATOL iterations 1
      Line search: lambdas = [1., 0.5, 0.], fnorms = [8.98045e-05, 0.000216379, 0.000356675]
      Line search terminated: lambda = 1.21534, fnorms = 6.20492e-05
  5 SNES Function norm 6.204918938702e-05 
--------------------------------------------------------------------------
SNES Convergence Reason : ||F|| < atol 
Number of iterations    : 5
SNES solution time      : 1.19303 (sec)
--------------------------------------------------------------------------
Residual summary: 
   Continuity: 
      |Div|_inf = 4.364210129892e-10 
      |Div|_2   = 1.700122775521e-09 
   Momentum: 
      |mRes|_2  = 6.204918936372e-05 
   Energy: 
      |eRes|_2  = 2.094478341802e-16 
--------------------------------------------------------------------------
Actual time step : 0.10964 [Myr] 
--------------------------------------------------------------------------
Advection Passive tracers ... 
 Currently active tracers    :  771 
done (0.012439 sec)
--------------------------------------------------------------------------
Performing marker control (subgrid algorithm)
Marker control [0]: (subgrid) cloned 457 markers and merged 0 markers in 4.2521e-02 s
--------------------------------------------------------------------------
================================ STEP 20 =================================
--------------------------------------------------------------------------
Current time        : 2.08308 [Myr] 
Tentative time step : 0.10964 [Myr] 
--------------------------------------------------------------------------
Phase_Transition ... done (0.0147879 sec)
--------------------------------------------------------------------------
  0 SNES Function norm 2.497842075342e-01 
  0 PICARD ||F||/||F0||=1.000000e+00 
    Residual norms for js_ solve.
    0 KSP Residual norm 2.497842075342e-01 
    1 KSP Residual norm 3.103919849776e-06 
    2 KSP Residual norm 2.030091066655e-09 
  Linear js_ solve converged due to CONVERGED_ATOL iterations 2
      Line search: lambdas = [1., 0.5, 0.], fnorms = [0.0014985, 0.124896, 0.249784]
      Line search terminated: lambda = 0.999979, fnorms = 0.00149848
  1 SNES Function norm 1.498484344288e-03 
  1 PICARD ||F||/||F0||=5.999116e-03 
    Residual norms for js_ solve.
    0 KSP Residual norm 1.498484344288e-03 
    1 KSP Residual norm 7.004443960895e-09 
  Linear js_ solve converged due to CONVERGED_ATOL iterations 1
      Line search: lambdas = [1., 0.5, 0.], fnorms = [0.00126353, 0.00150261, 0.00149848]
      Line search terminated: lambda = 1.7408, fnorms = 0.00114924
  2 SNES Function norm 1.149239080260e-03 
  2 PICARD ||F||/||F0||=4.600928e-03 
    Residual norms for js_ solve.
    0 KSP Residual norm 1.149239080260e-03 
    1 KSP Residual norm 1.067347282326e-08 
  Linear js_ solve converged due to CONVERGED_RTOL iterations 1
      Line search: lambdas = [1., 0.5, 0.], fnorms = [0.00018605, 0.000615215, 0.00114924]
      Line search terminated: lambda = 1.03734, fnorms = 0.000181515
  3 SNES Function norm 1.815148239037e-04 
  3 PICARD ||F||/||F0||=7.266865e-04 
    Residual norms for js_ solve.
    0 KSP Residual norm 1.815148239037e-04 
    1 KSP Residual norm 8.074871193141e-09 
  Linear js_ solve converged due to CONVERGED_ATOL iterations 1
      Line search: lambdas = [1., 0.5, 0.], fnorms = [7.97637e-05, 0.000128454, 0.000181515]
      Line search terminated: lambda = 1.55351, fnorms = 5.01444e-05
  4 SNES Function norm 5.014443610236e-05 
--------------------------------------------------------------------------
SNES Convergence Reason : ||F|| < atol 
Number of iterations    : 4
SNES solution time      : 0.946874 (sec)
--------------------------------------------------------------------------
Residual summary: 
   Continuity: 
      |Div|_inf = 2.414279876169e-09 
      |Div|_2   = 1.192290756555e-08 
   Momentum: 
      |mRes|_2  = 5.014443468490e-05 
   Energy: 
      |eRes|_2  = 2.153458218237e-16 
--------------------------------------------------------------------------
Actual time step : 0.10964 [Myr] 
--------------------------------------------------------------------------
Advection Passive tracers ... 
 Currently active tracers    :  831 
done (0.0125787 sec)
--------------------------------------------------------------------------
Performing marker control (subgrid algorithm)
Marker control [0]: (subgrid) cloned 418 markers and merged 0 markers in 4.0946e-02 s
--------------------------------------------------------------------------
Saving output ... done (0.12811 sec)
--------------------------------------------------------------------------
=========================== SOLUTION IS DONE! ============================
--------------------------------------------------------------------------
Total solution time : 31.7598 (sec) 
--------------------------------------------------------------------------
WARNING! There are options you set that were not used!
WARNING! could be spelling mistake, etc!
Option left: name:-js_ksp_min_it value: 1
