 Parsing input file : ./t4_Loc/localization_mat_free.dat 
# Adding PetscOption: -jac_mat_free 
# Adding PetscOption: -skip_press_shift 
# Adding PetscOption: -open_top_bound 
# Adding PetscOption: -ExxNumPeriods 1 
# Adding PetscOption: -ExxStrainRates -1e-15 
# Adding PetscOption: -dt 1.5e-3 
# Adding PetscOption: -H_layer 10 
# Adding PetscOption: -H_bottom 0 
# Adding PetscOption: -Inclusion_use 
# Adding PetscOption: -Inclusion_size 1 
# Adding PetscOption: -snes_ksp_ew 
# Adding PetscOption: -snes_ksp_ew_rtolmax 1e-1 
# Adding PetscOption: -snes_monitor 
# Adding PetscOption: -snes_atol 1e-7 
# Adding PetscOption: -snes_rtol 1e-4 
# Adding PetscOption: -snes_stol 1e-16 
# Adding PetscOption: -snes_max_it 50 
# Adding PetscOption: -snes_max_funcs 500000 
# Adding PetscOption: -snes_max_linear_solve_fail 10000 
# Adding PetscOption: -snes_PicardSwitchToNewton_rtol 1e-1 
# Adding PetscOption: -snes_NewtonSwitchToPicard_it 20 
# Adding PetscOption: -snes_NewtonSwitchToPicard_rtol 1.1 
# Adding PetscOption: -js_ksp_type fgmres 
# Adding PetscOption: -js_ksp_max_it 50 
# Adding PetscOption: -js_ksp_converged_reason 
# Adding PetscOption: -js_ksp_rtol 1e-10 
# Adding PetscOption: -js_ksp_atol 1e-14 
# Adding PetscOption: -pcmat_type mono 
# Adding PetscOption: -pcmat_pgamma 1e3 
# Adding PetscOption: -jp_type user 
# Adding PetscOption: -jp_pc_type lu 
# Adding PetscOption: -jp_pc_factor_mat_solver_package mumps 
# Adding PetscOption: -AddRandomNoiseParticles 0 
# Adding PetscOption: -restart 0 
# Adding PetscOption: -save_breakpoints 0 
# Adding PetscOption: -objects_dump 
# Adding PetscOption: -restart 0 
# Adding PetscOption: -out_pvd 1 
# Adding PetscOption: -out_phase 1 
# Adding PetscOption: -out_density 1 
# Adding PetscOption: -out_viscosity 1 
# Adding PetscOption: -out_velocity 1 
# Adding PetscOption: -out_pressure 1 
# Adding PetscOption: -out_temperature 1 
# Adding PetscOption: -out_dev_stress 1 
# Adding PetscOption: -out_j2_dev_stress 1 
# Adding PetscOption: -out_strain_rate 1 
# Adding PetscOption: -out_j2_strain_rate 1 
# Adding PetscOption: -out_plast_strain 1 
# Adding PetscOption: -out_plast_strain 1 
# Adding PetscOption: -out_moment_res 1 
# Adding PetscOption: -out_cont_res 1 
# Adding PetscOption: -AVDPhaseViewer 0 
-------------------------------------------------------------------------- 
                   Lithosphere and Mantle Evolution Model                   
     Compiled: Date: Nov  8 2016 - Time: 14:30:20 	    
-------------------------------------------------------------------------- 
        STAGGERED-GRID FINITE DIFFERENCE CANONICAL IMPLEMENTATION           
-------------------------------------------------------------------------- 
 Characteristic Length      = 10000 [m] 
 Characteristic Viscosity   = 1e+20 [Pa*s] 
 Characteristic Temperature = 1 [C/K] 
 Characteristic Stress      = 1e+08 [Pa] 
--------------------------------------------------------------------------
Reading pushing parameters: 

Reading softening laws: 

SoftLaw [0]: A = 0.25, APS1 = 1e-09, APS2 = 0.001 
Reading material parameters: 

    Phase [0]: rho = 2700 [kg/m3], eta = 1e+21 [Pa*s], beta = 0 [1/Pa]
    Phase [0]: (diff ) Bd = 5e-22 [1/(Pa*s)], Ed = 0 [J/mol], Vd = 0 [m3/mol] 
    Phase [0]: (disl ) Bn = 0 [1/(Pa^n*s)], En = 0 [J/mol], Vn = 0 [m3/mol], n = 0 [ ] 
    Phase [0]: (peirl) Bp = 0 [1/s], Ep = 0 [J/mol], Vp = 0 [m3/mol], taup = 0 [Pa], gamma = 0 [ ], q = 0 [ ] 
    Phase [0]: (elast) G = 5e+10 [Pa], K = 0 [Pa], Kp = 0 [ ] 
    Phase [0]: (plast) cohesion = 5e+07 [Pa], friction angle = 30 [deg] 
    Phase [0]: (sweak) cohesion SoftLaw = 0 [ ], friction SoftLaw = 0 [ ] 
    Phase [0]: (temp ) alpha = 0 [1/K], cp = 0 [J/kg/K], k = 0 [W/m/K], A = 0 [W/m3] 
    
    Phase [1]: rho = 2700 [kg/m3], eta = 1e+24 [Pa*s], beta = 0 [1/Pa]
    Phase [1]: (diff ) Bd = 5e-25 [1/(Pa*s)], Ed = 0 [J/mol], Vd = 0 [m3/mol] 
    Phase [1]: (disl ) Bn = 0 [1/(Pa^n*s)], En = 0 [J/mol], Vn = 0 [m3/mol], n = 0 [ ] 
    Phase [1]: (peirl) Bp = 0 [1/s], Ep = 0 [J/mol], Vp = 0 [m3/mol], taup = 0 [Pa], gamma = 0 [ ], q = 0 [ ] 
    Phase [1]: (elast) G = 5e+10 [Pa], K = 0 [Pa], Kp = 0 [ ] 
    Phase [1]: (plast) cohesion = 5e+07 [Pa], friction angle = 30 [deg] 
    Phase [1]: (sweak) cohesion SoftLaw = 0 [ ], friction SoftLaw = 0 [ ] 
    Phase [1]: (temp ) alpha = 0 [1/K], cp = 0 [J/kg/K], k = 0 [W/m/K], A = 0 [W/m3] 
    
    Phase [2]: rho = 100 [kg/m3], eta = 1e+21 [Pa*s], beta = 0 [1/Pa]
    Phase [2]: (diff ) Bd = 5e-22 [1/(Pa*s)], Ed = 0 [J/mol], Vd = 0 [m3/mol] 
    Phase [2]: (disl ) Bn = 0 [1/(Pa^n*s)], En = 0 [J/mol], Vn = 0 [m3/mol], n = 0 [ ] 
    Phase [2]: (peirl) Bp = 0 [1/s], Ep = 0 [J/mol], Vp = 0 [m3/mol], taup = 0 [Pa], gamma = 0 [ ], q = 0 [ ] 
    Phase [2]: (elast) G = 5e+10 [Pa], K = 0 [Pa], Kp = 0 [ ] 
    Phase [2]: (plast) cohesion = 5e+07 [Pa], friction angle = 30 [deg] 
    Phase [2]: (sweak) cohesion SoftLaw = 0 [ ], friction SoftLaw = 0 [ ] 
    Phase [2]: (temp ) alpha = 0 [1/K], cp = 0 [J/kg/K], k = 0 [W/m/K], A = 0 [W/m3] 
    
--------------------------------------------------------------------------
 Total # of cpu's               : 4 
 Number of tracers/cell         : [5,5,5] 
 Initial time step              : 0.0015 [MYr] 
 BC employed                    : BC.[LeftBound=1 RightBound=1; FrontBound=1 BackBound=1; LowerBound=1 UpperBound=1] 
 CFL timestep factor            : 0.100000 
 Processor grid  [nx, ny, nz]   : [4, 1, 1]
 Fine grid cells [nx, ny, nz]   : [64, 2, 16]
 Number of cells                :  2048
 Number of velocity DOF         :  7328
 Maximum cell aspect cell ratio :  3.00000
 Starting marker initialization routine
 Marker setup employed [msetup] : bands
 Finished marker initialization routine
 Preconditioner matrix type     : monolithic
 Penalty parameter (pgamma)     : 1.000000e+03
 Preconditioner type            : user-defined
 Writing grid .pvd file to disk
 
Time step 0 -------------------------------------------------------- 
  0 SNES Function norm 9.577959426281e+01 
USING PICARD JACOBIAN for iteration 0, ||F||/||F0||=1.000000e+00 
  Linear solve converged due to CONVERGED_RTOL iterations 1
  1 SNES Function norm 5.886720611037e-02 
===================================================
SWITCH TO MF JACOBIAN: ||F||/||F0||=6.146111e-04, PicIt=5 
===================================================
USING MF JACOBIAN for iteration 1, ||F||/||F0||=6.146111e-04 
  Linear solve converged due to CONVERGED_RTOL iterations 2
  2 SNES Function norm 3.148727123275e-11 
 SNES Convergence Reason: ||F|| < atol 
 Number of iterations : 2
 Nonlinear solve took 0.145247 (sec)
------------------------------------------
Residual summary: 
  Continuity: 
    Div_min  = -4.662806599165e-14 
    Div_max  = 2.509294855235e-13 
    |Div|_2  = 2.920535326004e-12 
  Momentum: 
    |mRes|_2 = 3.135153462104e-11 
------------------------------------------
 Writing to existing directory Timestep_000000_0.000000e+00 
 Time = 0.00165[Myr], dt = 0.00165[Myr] 
 Finished timestep 0 out of 19 
 
Time step 1 -------------------------------------------------------- 
  0 SNES Function norm 3.982732714028e+00 
USING PICARD JACOBIAN for iteration 0, ||F||/||F0||=1.000000e+00 
  Linear solve converged due to CONVERGED_RTOL iterations 1
  1 SNES Function norm 8.826187782572e-05 
 SNES Convergence Reason: ||F|| < rtol*||F_initial|| 
 Number of iterations : 1
 Nonlinear solve took 0.043735 (sec)
------------------------------------------
Residual summary: 
  Continuity: 
    Div_min  = 1.263403134551e-06 
    Div_max  = 6.075144119277e-06 
    |Div|_2  = 8.826187780519e-05 
  Momentum: 
    |mRes|_2 = 1.904018418594e-09 
------------------------------------------
 Writing to existing directory Timestep_000001_1.650000e-03 
 Time = 0.003465[Myr], dt = 0.001815[Myr] 
 Finished timestep 1 out of 19 
 
Time step 2 -------------------------------------------------------- 
  0 SNES Function norm 4.954340035983e+00 
USING PICARD JACOBIAN for iteration 0, ||F||/||F0||=1.000000e+00 
  Linear solve converged due to CONVERGED_RTOL iterations 1
  1 SNES Function norm 7.524331556867e-05 
 SNES Convergence Reason: ||F|| < rtol*||F_initial|| 
 Number of iterations : 1
 Nonlinear solve took 0.0385232 (sec)
------------------------------------------
Residual summary: 
  Continuity: 
    Div_min  = 4.964779825288e-07 
    Div_max  = 6.765971712829e-06 
    |Div|_2  = 7.524331556854e-05 
  Momentum: 
    |mRes|_2 = 1.384154583543e-10 
------------------------------------------
 Writing to existing directory Timestep_000002_3.465000e-03 
 Time = 0.0054615[Myr], dt = 0.0019965[Myr] 
 Finished timestep 2 out of 19 
 
Time step 3 -------------------------------------------------------- 
  0 SNES Function norm 5.969209646909e+00 
USING PICARD JACOBIAN for iteration 0, ||F||/||F0||=1.000000e+00 
  Linear solve converged due to CONVERGED_RTOL iterations 1
  1 SNES Function norm 7.347061195418e-05 
 SNES Convergence Reason: ||F|| < rtol*||F_initial|| 
 Number of iterations : 1
 Nonlinear solve took 0.0384943 (sec)
------------------------------------------
Residual summary: 
  Continuity: 
    Div_min  = 1.265726072746e-07 
    Div_max  = 7.398967634828e-06 
    |Div|_2  = 7.347061195416e-05 
  Momentum: 
    |mRes|_2 = 4.298348552981e-11 
------------------------------------------
 Writing to existing directory Timestep_000003_5.461500e-03 
 Time = 0.00765765[Myr], dt = 0.00219615[Myr] 
 Finished timestep 3 out of 19 
 
Time step 4 -------------------------------------------------------- 
  0 SNES Function norm 6.984706490861e+00 
USING PICARD JACOBIAN for iteration 0, ||F||/||F0||=1.000000e+00 
  Linear solve converged due to CONVERGED_RTOL iterations 1
  1 SNES Function norm 7.291665223469e-05 
 SNES Convergence Reason: ||F|| < rtol*||F_initial|| 
 Number of iterations : 1
 Nonlinear solve took 0.0402616 (sec)
------------------------------------------
Residual summary: 
  Continuity: 
    Div_min  = 2.838517074080e-08 
    Div_max  = 7.797671765275e-06 
    |Div|_2  = 7.291665223468e-05 
  Momentum: 
    |mRes|_2 = 3.182277151293e-11 
------------------------------------------
 Writing to existing directory Timestep_000004_7.657650e-03 
 Time = 0.0100734[Myr], dt = 0.00241577[Myr] 
 Finished timestep 4 out of 19 
 
Time step 5 -------------------------------------------------------- 
  0 SNES Function norm 8.024355307115e+00 
USING PICARD JACOBIAN for iteration 0, ||F||/||F0||=1.000000e+00 
  Linear solve converged due to CONVERGED_RTOL iterations 1
  1 SNES Function norm 7.258568800250e-05 
 SNES Convergence Reason: ||F|| < rtol*||F_initial|| 
 Number of iterations : 1
 Nonlinear solve took 0.0385821 (sec)
------------------------------------------
Residual summary: 
  Continuity: 
    Div_min  = 3.522420429121e-09 
    Div_max  = 8.134797259926e-06 
    |Div|_2  = 7.258568800250e-05 
  Momentum: 
    |mRes|_2 = 2.827893383138e-11 
------------------------------------------
 Writing to existing directory Timestep_000005_1.007342e-02 
 Time = 0.0127308[Myr], dt = 0.00265734[Myr] 
 Finished timestep 5 out of 19 
 
Time step 6 -------------------------------------------------------- 
  0 SNES Function norm 9.081721762923e+00 
USING PICARD JACOBIAN for iteration 0, ||F||/||F0||=1.000000e+00 
  Linear solve converged due to CONVERGED_RTOL iterations 1
  1 SNES Function norm 7.233094146080e-05 
 SNES Convergence Reason: ||F|| < rtol*||F_initial|| 
 Number of iterations : 1
 Nonlinear solve took 0.0395925 (sec)
------------------------------------------
Residual summary: 
  Continuity: 
    Div_min  = -2.020614239188e-09 
    Div_max  = 8.432718377365e-06 
    |Div|_2  = 7.233094146080e-05 
  Momentum: 
    |mRes|_2 = 2.661533466567e-11 
------------------------------------------
 Writing to existing directory Timestep_000006_1.273076e-02 
 Time = 0.0156538[Myr], dt = 0.00292308[Myr] 
 Finished timestep 6 out of 19 
 
Time step 7 -------------------------------------------------------- 
  0 SNES Function norm 1.016320596190e+01 
USING PICARD JACOBIAN for iteration 0, ||F||/||F0||=1.000000e+00 
  Linear solve converged due to CONVERGED_RTOL iterations 1
  1 SNES Function norm 7.210405475431e-05 
 SNES Convergence Reason: ||F|| < rtol*||F_initial|| 
 Number of iterations : 1
 Nonlinear solve took 0.0388762 (sec)
------------------------------------------
Residual summary: 
  Continuity: 
    Div_min  = -2.829676392290e-09 
    Div_max  = 8.708260152471e-06 
    |Div|_2  = 7.210405475430e-05 
  Momentum: 
    |mRes|_2 = 2.568525976219e-11 
------------------------------------------
 Writing to existing directory Timestep_000007_1.565383e-02 
 Time = 0.0188692[Myr], dt = 0.00321538[Myr] 
 Finished timestep 7 out of 19 
 
Time step 8 -------------------------------------------------------- 
  0 SNES Function norm 1.128223178338e+01 
USING PICARD JACOBIAN for iteration 0, ||F||/||F0||=1.000000e+00 
  Linear solve converged due to CONVERGED_RTOL iterations 1
  1 SNES Function norm 7.188146356976e-05 
 SNES Convergence Reason: ||F|| < rtol*||F_initial|| 
 Number of iterations : 1
 Nonlinear solve took 0.0395901 (sec)
------------------------------------------
Residual summary: 
  Continuity: 
    Div_min  = -2.601428803926e-09 
    Div_max  = 8.972215067975e-06 
    |Div|_2  = 7.188146356976e-05 
  Momentum: 
    |mRes|_2 = 2.519184633105e-11 
------------------------------------------
 Created new directory Timestep_000008_1.886922e-02 
 Time = 0.0224061[Myr], dt = 0.00353692[Myr] 
 Finished timestep 8 out of 19 
 
Time step 9 -------------------------------------------------------- 
  0 SNES Function norm 1.245359003024e+01 
USING PICARD JACOBIAN for iteration 0, ||F||/||F0||=1.000000e+00 
  Linear solve converged due to CONVERGED_RTOL iterations 1
  1 SNES Function norm 7.164918134218e-05 
 SNES Convergence Reason: ||F|| < rtol*||F_initial|| 
 Number of iterations : 1
 Nonlinear solve took 0.0431288 (sec)
------------------------------------------
Residual summary: 
  Continuity: 
    Div_min  = -2.240900898762e-09 
    Div_max  = 9.229436375032e-06 
    |Div|_2  = 7.164918134217e-05 
  Momentum: 
    |mRes|_2 = 2.487248787542e-11 
------------------------------------------
 Created new directory Timestep_000009_2.240614e-02 
 Time = 0.0262968[Myr], dt = 0.00389061[Myr] 
 Finished timestep 9 out of 19 
 
Time step 10 -------------------------------------------------------- 
  0 SNES Function norm 1.369045114494e+01 
USING PICARD JACOBIAN for iteration 0, ||F||/||F0||=1.000000e+00 
  Linear solve converged due to CONVERGED_RTOL iterations 1
  1 SNES Function norm 7.138706713124e-05 
 SNES Convergence Reason: ||F|| < rtol*||F_initial|| 
 Number of iterations : 1
 Nonlinear solve took 0.0404107 (sec)
------------------------------------------
Residual summary: 
  Continuity: 
    Div_min  = -1.802125023211e-09 
    Div_max  = 9.460733616507e-06 
    |Div|_2  = 7.138706713123e-05 
  Momentum: 
    |mRes|_2 = 2.493030858219e-11 
------------------------------------------
 Created new directory Timestep_000010_2.629675e-02 
 Time = 0.0305764[Myr], dt = 0.00427968[Myr] 
 Finished timestep 10 out of 19 
 
Time step 11 -------------------------------------------------------- 
  0 SNES Function norm 1.501284931535e+01 
USING PICARD JACOBIAN for iteration 0, ||F||/||F0||=1.000000e+00 
  Linear solve converged due to CONVERGED_RTOL iterations 1
  1 SNES Function norm 7.111666806621e-05 
 SNES Convergence Reason: ||F|| < rtol*||F_initial|| 
 Number of iterations : 1
 Nonlinear solve took 0.044287 (sec)
------------------------------------------
Residual summary: 
  Continuity: 
    Div_min  = -1.514333262411e-09 
    Div_max  = 9.721176337718e-06 
    |Div|_2  = 7.111666806621e-05 
  Momentum: 
    |mRes|_2 = 2.464795571979e-11 
------------------------------------------
 Created new directory Timestep_000011_3.057643e-02 
 Time = 0.0352841[Myr], dt = 0.00470764[Myr] 
 Finished timestep 11 out of 19 
 
Time step 12 -------------------------------------------------------- 
  0 SNES Function norm 1.546684032588e+01 
USING PICARD JACOBIAN for iteration 0, ||F||/||F0||=1.000000e+00 
  Linear solve converged due to CONVERGED_RTOL iterations 1
  1 SNES Function norm 1.838149136166e+00 
USING PICARD JACOBIAN for iteration 1, ||F||/||F0||=1.188445e-01 
  Linear solve converged due to CONVERGED_RTOL iterations 1
  2 SNES Function norm 1.629712773966e-06 
 SNES Convergence Reason: ||F|| < rtol*||F_initial|| 
 Number of iterations : 2
 Nonlinear solve took 0.0870003 (sec)
------------------------------------------
Residual summary: 
  Continuity: 
    Div_min  = -2.679643851928e-08 
    Div_max  = 1.877895740013e-07 
    |Div|_2  = 1.629712773855e-06 
  Momentum: 
    |mRes|_2 = 1.905413234906e-11 
------------------------------------------
 Created new directory Timestep_000012_3.528407e-02 
 Time = 0.0404625[Myr], dt = 0.00517841[Myr] 
 Finished timestep 12 out of 19 
 
Time step 13 -------------------------------------------------------- 
  0 SNES Function norm 1.477216163736e+01 
USING PICARD JACOBIAN for iteration 0, ||F||/||F0||=1.000000e+00 
  Linear solve converged due to CONVERGED_RTOL iterations 1
  1 SNES Function norm 5.253069608749e+00 
USING PICARD JACOBIAN for iteration 1, ||F||/||F0||=3.556060e-01 
  Linear solve converged due to CONVERGED_RTOL iterations 1
  2 SNES Function norm 2.652072835560e+00 
USING PICARD JACOBIAN for iteration 2, ||F||/||F0||=1.795318e-01 
  Linear solve converged due to CONVERGED_RTOL iterations 1
  3 SNES Function norm 1.320520941386e+00 
===================================================
SWITCH TO MF JACOBIAN: ||F||/||F0||=8.939253e-02, PicIt=5 
===================================================
USING MF JACOBIAN for iteration 3, ||F||/||F0||=8.939253e-02 
  Linear solve converged due to CONVERGED_RTOL iterations 3
  4 SNES Function norm 4.821466646073e-01 
USING MF JACOBIAN for iteration 4, ||F||/||F0||=3.263887e-02 
  Linear solve converged due to CONVERGED_RTOL iterations 2
  5 SNES Function norm 2.830118172049e-02 
USING MF JACOBIAN for iteration 5, ||F||/||F0||=1.915846e-03 
  Linear solve converged due to CONVERGED_RTOL iterations 8
  6 SNES Function norm 1.614656713192e-04 
 SNES Convergence Reason: ||F|| < rtol*||F_initial|| 
 Number of iterations : 6
 Nonlinear solve took 0.251335 (sec)
------------------------------------------
Residual summary: 
  Continuity: 
    Div_min  = -5.896956498520e-09 
    Div_max  = 3.382370978569e-09 
    |Div|_2  = 2.252538082102e-08 
  Momentum: 
    |mRes|_2 = 1.614656697480e-04 
------------------------------------------
 Created new directory Timestep_000013_4.046248e-02 
 Time = 0.0461587[Myr], dt = 0.00569625[Myr] 
 Finished timestep 13 out of 19 
 
Time step 14 -------------------------------------------------------- 
  0 SNES Function norm 1.891028737579e+01 
USING PICARD JACOBIAN for iteration 0, ||F||/||F0||=1.000000e+00 
  Linear solve converged due to CONVERGED_RTOL iterations 1
  1 SNES Function norm 8.905685185795e+00 
USING PICARD JACOBIAN for iteration 1, ||F||/||F0||=4.709439e-01 
  Linear solve converged due to CONVERGED_RTOL iterations 1
  2 SNES Function norm 2.259766730999e+00 
USING PICARD JACOBIAN for iteration 2, ||F||/||F0||=1.194993e-01 
  Linear solve converged due to CONVERGED_RTOL iterations 1
  3 SNES Function norm 3.910815013181e-01 
===================================================
SWITCH TO MF JACOBIAN: ||F||/||F0||=2.068089e-02, PicIt=5 
===================================================
USING MF JACOBIAN for iteration 3, ||F||/||F0||=2.068089e-02 
  Linear solve converged due to CONVERGED_RTOL iterations 4
  4 SNES Function norm 2.088261284471e-02 
USING MF JACOBIAN for iteration 4, ||F||/||F0||=1.104299e-03 
  Linear solve converged due to CONVERGED_RTOL iterations 8
  5 SNES Function norm 1.327333980768e-04 
 SNES Convergence Reason: ||F|| < rtol*||F_initial|| 
 Number of iterations : 5
 Nonlinear solve took 0.223661 (sec)
------------------------------------------
Residual summary: 
  Continuity: 
    Div_min  = -2.557913029934e-09 
    Div_max  = 3.436319913515e-09 
    |Div|_2  = 1.657107793123e-08 
  Momentum: 
    |mRes|_2 = 1.327333970424e-04 
------------------------------------------
 Created new directory Timestep_000014_4.615872e-02 
 Time = 0.0524246[Myr], dt = 0.00626587[Myr] 
 Finished timestep 14 out of 19 
 
Time step 15 -------------------------------------------------------- 
  0 SNES Function norm 2.304634695595e+01 
USING PICARD JACOBIAN for iteration 0, ||F||/||F0||=1.000000e+00 
  Linear solve converged due to CONVERGED_RTOL iterations 1
  1 SNES Function norm 7.373175534161e+00 
USING PICARD JACOBIAN for iteration 1, ||F||/||F0||=3.199282e-01 
  Linear solve converged due to CONVERGED_RTOL iterations 1
  2 SNES Function norm 2.971391209760e+00 
USING PICARD JACOBIAN for iteration 2, ||F||/||F0||=1.289311e-01 
  Linear solve converged due to CONVERGED_RTOL iterations 1
  3 SNES Function norm 1.637869592372e+00 
===================================================
SWITCH TO MF JACOBIAN: ||F||/||F0||=7.106851e-02, PicIt=5 
===================================================
USING MF JACOBIAN for iteration 3, ||F||/||F0||=7.106851e-02 
  Linear solve converged due to CONVERGED_RTOL iterations 18
  4 SNES Function norm 4.571335727041e+00 
USING MF JACOBIAN for iteration 4, ||F||/||F0||=1.983540e-01 
  Linear solve converged due to CONVERGED_RTOL iterations 3
  5 SNES Function norm 4.725163893123e-01 
USING MF JACOBIAN for iteration 5, ||F||/||F0||=2.050288e-02 
  Linear solve did not converge due to DIVERGED_ITS iterations 50
  6 SNES Function norm 9.357300708748e-01 
USING MF JACOBIAN for iteration 6, ||F||/||F0||=4.060210e-02 
  Linear solve converged due to CONVERGED_RTOL iterations 13
  7 SNES Function norm 9.048662368214e-02 
USING MF JACOBIAN for iteration 7, ||F||/||F0||=3.926289e-03 
  Linear solve did not converge due to DIVERGED_ITS iterations 50
  8 SNES Function norm 2.259830746559e+00 
USING MF JACOBIAN for iteration 8, ||F||/||F0||=9.805592e-02 
  Linear solve converged due to CONVERGED_RTOL iterations 3
  9 SNES Function norm 2.112412238244e-01 
USING MF JACOBIAN for iteration 9, ||F||/||F0||=9.165931e-03 
  Linear solve did not converge due to DIVERGED_ITS iterations 50
 10 SNES Function norm 6.734870552330e-01 
USING MF JACOBIAN for iteration 10, ||F||/||F0||=2.922316e-02 
  Linear solve converged due to CONVERGED_RTOL iterations 12
 11 SNES Function norm 1.017762744246e+00 
USING MF JACOBIAN for iteration 11, ||F||/||F0||=4.416156e-02 
  Linear solve converged due to CONVERGED_RTOL iterations 5
 12 SNES Function norm 8.006126112680e-02 
USING MF JACOBIAN for iteration 12, ||F||/||F0||=3.473924e-03 
  Linear solve converged due to CONVERGED_RTOL iterations 35
 13 SNES Function norm 1.083344404611e+00 
USING MF JACOBIAN for iteration 13, ||F||/||F0||=4.700721e-02 
  Linear solve converged due to CONVERGED_RTOL iterations 11
 14 SNES Function norm 8.623973424107e-01 
USING MF JACOBIAN for iteration 14, ||F||/||F0||=3.742013e-02 
  Linear solve converged due to CONVERGED_RTOL iterations 5
 15 SNES Function norm 1.325906104130e-01 
USING MF JACOBIAN for iteration 15, ||F||/||F0||=5.753216e-03 
  Linear solve did not converge due to DIVERGED_ITS iterations 50
 16 SNES Function norm 1.367365627115e+00 
USING MF JACOBIAN for iteration 16, ||F||/||F0||=5.933112e-02 
  Linear solve converged due to CONVERGED_RTOL iterations 4
 17 SNES Function norm 1.323330561650e-01 
USING MF JACOBIAN for iteration 17, ||F||/||F0||=5.742040e-03 
  Linear solve did not converge due to DIVERGED_ITS iterations 50
 18 SNES Function norm 6.501411708471e-01 
USING MF JACOBIAN for iteration 18, ||F||/||F0||=2.821016e-02 
  Linear solve converged due to CONVERGED_RTOL iterations 12
 19 SNES Function norm 1.066354309180e+00 
USING MF JACOBIAN for iteration 19, ||F||/||F0||=4.626999e-02 
  Linear solve converged due to CONVERGED_RTOL iterations 5
 20 SNES Function norm 8.281632485769e-02 
USING MF JACOBIAN for iteration 20, ||F||/||F0||=3.593469e-03 
  Linear solve converged due to CONVERGED_RTOL iterations 35
 21 SNES Function norm 1.080737086847e+00 
USING MF JACOBIAN for iteration 21, ||F||/||F0||=4.689407e-02 
  Linear solve converged due to CONVERGED_RTOL iterations 11
 22 SNES Function norm 8.604199586600e-01 
USING MF JACOBIAN for iteration 22, ||F||/||F0||=3.733433e-02 
  Linear solve converged due to CONVERGED_RTOL iterations 5
 23 SNES Function norm 1.337650400915e-01 
USING MF JACOBIAN for iteration 23, ||F||/||F0||=5.804175e-03 
  Linear solve did not converge due to DIVERGED_ITS iterations 50
 24 SNES Function norm 1.363609871136e+00 
USING MF JACOBIAN for iteration 24, ||F||/||F0||=5.916816e-02 
  Linear solve converged due to CONVERGED_RTOL iterations 4
 25 SNES Function norm 1.312126382220e-01 
USING MF JACOBIAN for iteration 25, ||F||/||F0||=5.693425e-03 
  Linear solve did not converge due to DIVERGED_ITS iterations 50
 26 SNES Function norm 6.596116250747e-01 
USING MF JACOBIAN for iteration 26, ||F||/||F0||=2.862109e-02 
  Linear solve converged due to CONVERGED_RTOL iterations 12
 27 SNES Function norm 1.065987180412e+00 
USING MF JACOBIAN for iteration 27, ||F||/||F0||=4.625406e-02 
  Linear solve converged due to CONVERGED_RTOL iterations 5
 28 SNES Function norm 8.276572347321e-02 
USING MF JACOBIAN for iteration 28, ||F||/||F0||=3.591273e-03 
  Linear solve converged due to CONVERGED_RTOL iterations 35
 29 SNES Function norm 1.079747611517e+00 
USING MF JACOBIAN for iteration 29, ||F||/||F0||=4.685114e-02 
  Linear solve converged due to CONVERGED_RTOL iterations 11
 30 SNES Function norm 8.607177898599e-01 
USING MF JACOBIAN for iteration 30, ||F||/||F0||=3.734725e-02 
  Linear solve converged due to CONVERGED_RTOL iterations 5
 31 SNES Function norm 1.339149658291e-01 
USING MF JACOBIAN for iteration 31, ||F||/||F0||=5.810681e-03 
  Linear solve did not converge due to DIVERGED_ITS iterations 50
 32 SNES Function norm 1.363102583147e+00 
USING MF JACOBIAN for iteration 32, ||F||/||F0||=5.914615e-02 
  Linear solve converged due to CONVERGED_RTOL iterations 4
 33 SNES Function norm 1.310713604089e-01 
USING MF JACOBIAN for iteration 33, ||F||/||F0||=5.687294e-03 
  Linear solve did not converge due to DIVERGED_ITS iterations 50
 34 SNES Function norm 6.609841097952e-01 
USING MF JACOBIAN for iteration 34, ||F||/||F0||=2.868065e-02 
  Linear solve converged due to CONVERGED_RTOL iterations 12
 35 SNES Function norm 1.066255715362e+00 
USING MF JACOBIAN for iteration 35, ||F||/||F0||=4.626571e-02 
  Linear solve converged due to CONVERGED_RTOL iterations 5
 36 SNES Function norm 8.278371166410e-02 
USING MF JACOBIAN for iteration 36, ||F||/||F0||=3.592054e-03 
  Linear solve converged due to CONVERGED_RTOL iterations 35
 37 SNES Function norm 1.079551613443e+00 
USING MF JACOBIAN for iteration 37, ||F||/||F0||=4.684263e-02 
  Linear solve converged due to CONVERGED_RTOL iterations 11
 38 SNES Function norm 8.608174508413e-01 
USING MF JACOBIAN for iteration 38, ||F||/||F0||=3.735158e-02 
  Linear solve converged due to CONVERGED_RTOL iterations 5
 39 SNES Function norm 1.339366046542e-01 
USING MF JACOBIAN for iteration 39, ||F||/||F0||=5.811620e-03 
  Linear solve did not converge due to DIVERGED_ITS iterations 50
 40 SNES Function norm 1.363045694426e+00 
USING MF JACOBIAN for iteration 40, ||F||/||F0||=5.914368e-02 
  Linear solve converged due to CONVERGED_RTOL iterations 4
 41 SNES Function norm 1.310563210450e-01 
USING MF JACOBIAN for iteration 41, ||F||/||F0||=5.686642e-03 
  Linear solve did not converge due to DIVERGED_ITS iterations 50
 42 SNES Function norm 6.611220573705e-01 
USING MF JACOBIAN for iteration 42, ||F||/||F0||=2.868663e-02 
  Linear solve converged due to CONVERGED_RTOL iterations 12
 43 SNES Function norm 1.066414565367e+00 
USING MF JACOBIAN for iteration 43, ||F||/||F0||=4.627261e-02 
  Linear solve converged due to CONVERGED_RTOL iterations 5
 44 SNES Function norm 8.279402007625e-02 
USING MF JACOBIAN for iteration 44, ||F||/||F0||=3.592501e-03 
  Linear solve converged due to CONVERGED_RTOL iterations 35
 45 SNES Function norm 1.079509009793e+00 
USING MF JACOBIAN for iteration 45, ||F||/||F0||=4.684079e-02 
  Linear solve converged due to CONVERGED_RTOL iterations 11
 46 SNES Function norm 8.608476394890e-01 
USING MF JACOBIAN for iteration 46, ||F||/||F0||=3.735289e-02 
  Linear solve converged due to CONVERGED_RTOL iterations 5
 47 SNES Function norm 1.339388475254e-01 
USING MF JACOBIAN for iteration 47, ||F||/||F0||=5.811717e-03 
  Linear solve did not converge due to DIVERGED_ITS iterations 50
 48 SNES Function norm 1.363044260976e+00 
USING MF JACOBIAN for iteration 48, ||F||/||F0||=5.914361e-02 
  Linear solve converged due to CONVERGED_RTOL iterations 4
 49 SNES Function norm 1.310564740127e-01 
USING MF JACOBIAN for iteration 49, ||F||/||F0||=5.686648e-03 
  Linear solve did not converge due to DIVERGED_ITS iterations 50
 50 SNES Function norm 6.611149589966e-01 
 SNES Divergence Reason: maximum iterations reached
 Number of iterations : 50
 **** Nonlinear solver failed to converge *** 
 Nonlinear solve took 6.46379 (sec)
------------------------------------------
Residual summary: 
  Continuity: 
    Div_min  = -2.427271272865e-09 
    Div_max  = 2.114226944124e-09 
    |Div|_2  = 1.010761205097e-08 
  Momentum: 
    |mRes|_2 = 6.611149589966e-01 
------------------------------------------
 Created new directory Timestep_000015_5.242459e-02 
 Time = 0.0593171[Myr], dt = 0.00689246[Myr] 
 Finished timestep 15 out of 19 
 
Time step 16 -------------------------------------------------------- 
  0 SNES Function norm 3.119546282679e+01 
USING PICARD JACOBIAN for iteration 0, ||F||/||F0||=1.000000e+00 
  Linear solve converged due to CONVERGED_RTOL iterations 1
  1 SNES Function norm 1.410219281858e+01 
USING PICARD JACOBIAN for iteration 1, ||F||/||F0||=4.520591e-01 
  Linear solve converged due to CONVERGED_RTOL iterations 1
  2 SNES Function norm 1.075101764918e+01 
USING PICARD JACOBIAN for iteration 2, ||F||/||F0||=3.446340e-01 
  Linear solve converged due to CONVERGED_RTOL iterations 1
  3 SNES Function norm 9.153068738693e+00 
USING PICARD JACOBIAN for iteration 3, ||F||/||F0||=2.934103e-01 
  Linear solve converged due to CONVERGED_RTOL iterations 1
  4 SNES Function norm 7.688950018535e+00 
USING PICARD JACOBIAN for iteration 4, ||F||/||F0||=2.464765e-01 
  Linear solve converged due to CONVERGED_RTOL iterations 1
  5 SNES Function norm 6.743628146417e+00 
USING PICARD JACOBIAN for iteration 5, ||F||/||F0||=2.161734e-01 
  Linear solve converged due to CONVERGED_RTOL iterations 1
  6 SNES Function norm 5.666032761144e+00 
USING PICARD JACOBIAN for iteration 6, ||F||/||F0||=1.816300e-01 
  Linear solve converged due to CONVERGED_RTOL iterations 1
  7 SNES Function norm 4.456259345267e+00 
USING PICARD JACOBIAN for iteration 7, ||F||/||F0||=1.428496e-01 
  Linear solve converged due to CONVERGED_RTOL iterations 1
  8 SNES Function norm 3.756375365112e+00 
USING PICARD JACOBIAN for iteration 8, ||F||/||F0||=1.204142e-01 
  Linear solve converged due to CONVERGED_RTOL iterations 1
  9 SNES Function norm 3.175285037422e+00 
USING PICARD JACOBIAN for iteration 9, ||F||/||F0||=1.017868e-01 
  Linear solve converged due to CONVERGED_RTOL iterations 1
 10 SNES Function norm 2.678078230509e+00 
===================================================
SWITCH TO MF JACOBIAN: ||F||/||F0||=8.584832e-02, PicIt=5 
===================================================
USING MF JACOBIAN for iteration 10, ||F||/||F0||=8.584832e-02 
  Linear solve converged due to CONVERGED_RTOL iterations 6
 11 SNES Function norm 2.149458643353e+01 
USING MF JACOBIAN for iteration 11, ||F||/||F0||=6.890293e-01 
  Linear solve converged due to CONVERGED_RTOL iterations 3
 12 SNES Function norm 1.628953358376e+00 
USING MF JACOBIAN for iteration 12, ||F||/||F0||=5.221764e-02 
  Linear solve converged due to CONVERGED_RTOL iterations 7
 13 SNES Function norm 1.028212355205e+00 
USING MF JACOBIAN for iteration 13, ||F||/||F0||=3.296032e-02 
  Linear solve converged due to CONVERGED_RTOL iterations 2
 14 SNES Function norm 5.885357093355e-02 
USING MF JACOBIAN for iteration 14, ||F||/||F0||=1.886607e-03 
  Linear solve converged due to CONVERGED_RTOL iterations 11
 15 SNES Function norm 5.780723185759e-04 
 SNES Convergence Reason: ||F|| < rtol*||F_initial|| 
 Number of iterations : 15
 Nonlinear solve took 0.643472 (sec)
------------------------------------------
Residual summary: 
  Continuity: 
    Div_min  = -5.606591557661e-10 
    Div_max  = 4.593481369743e-10 
    |Div|_2  = 2.359947249337e-09 
  Momentum: 
    |mRes|_2 = 5.780723185711e-04 
------------------------------------------
 Created new directory Timestep_000016_5.931705e-02 
 Time = 0.0668988[Myr], dt = 0.00758171[Myr] 
 Finished timestep 16 out of 19 
 
Time step 17 -------------------------------------------------------- 
  0 SNES Function norm 4.781590353795e+01 
USING PICARD JACOBIAN for iteration 0, ||F||/||F0||=1.000000e+00 
  Linear solve converged due to CONVERGED_RTOL iterations 1
  1 SNES Function norm 2.145482797780e+01 
USING PICARD JACOBIAN for iteration 1, ||F||/||F0||=4.486965e-01 
  Linear solve converged due to CONVERGED_RTOL iterations 1
  2 SNES Function norm 1.472355896643e+01 
USING PICARD JACOBIAN for iteration 2, ||F||/||F0||=3.079218e-01 
  Linear solve converged due to CONVERGED_RTOL iterations 1
  3 SNES Function norm 1.078994884294e+01 
USING PICARD JACOBIAN for iteration 3, ||F||/||F0||=2.256561e-01 
  Linear solve converged due to CONVERGED_RTOL iterations 1
  4 SNES Function norm 8.079916233794e+00 
USING PICARD JACOBIAN for iteration 4, ||F||/||F0||=1.689797e-01 
  Linear solve converged due to CONVERGED_RTOL iterations 1
  5 SNES Function norm 5.886054581059e+00 
USING PICARD JACOBIAN for iteration 5, ||F||/||F0||=1.230983e-01 
  Linear solve converged due to CONVERGED_RTOL iterations 1
  6 SNES Function norm 4.553436095824e+00 
===================================================
SWITCH TO MF JACOBIAN: ||F||/||F0||=9.522849e-02, PicIt=5 
===================================================
USING MF JACOBIAN for iteration 6, ||F||/||F0||=9.522849e-02 
  Linear solve converged due to CONVERGED_RTOL iterations 5
  7 SNES Function norm 7.977935055278e+00 
USING MF JACOBIAN for iteration 7, ||F||/||F0||=1.668469e-01 
  Linear solve converged due to CONVERGED_RTOL iterations 2
  8 SNES Function norm 9.261892407693e-01 
USING MF JACOBIAN for iteration 8, ||F||/||F0||=1.936990e-02 
  Linear solve converged due to CONVERGED_RTOL iterations 8
  9 SNES Function norm 2.252165687552e-02 
USING MF JACOBIAN for iteration 9, ||F||/||F0||=4.710077e-04 
  Linear solve converged due to CONVERGED_RTOL iterations 14
 10 SNES Function norm 3.881127164158e-05 
 SNES Convergence Reason: ||F|| < rtol*||F_initial|| 
 Number of iterations : 10
 Nonlinear solve took 0.500924 (sec)
------------------------------------------
Residual summary: 
  Continuity: 
    Div_min  = -2.983298937748e-11 
    Div_max  = 2.175685182688e-11 
    |Div|_2  = 8.397145748414e-11 
  Momentum: 
    |mRes|_2 = 3.881127164149e-05 
------------------------------------------
 Created new directory Timestep_000017_6.689876e-02 
 Time = 0.0752386[Myr], dt = 0.00833988[Myr] 
 Finished timestep 17 out of 19 
 
Time step 18 -------------------------------------------------------- 
  0 SNES Function norm 6.430249004452e+01 
USING PICARD JACOBIAN for iteration 0, ||F||/||F0||=1.000000e+00 
  Linear solve converged due to CONVERGED_RTOL iterations 1
  1 SNES Function norm 2.863928065545e+01 
USING PICARD JACOBIAN for iteration 1, ||F||/||F0||=4.453837e-01 
  Linear solve converged due to CONVERGED_RTOL iterations 1
  2 SNES Function norm 1.700666265304e+01 
USING PICARD JACOBIAN for iteration 2, ||F||/||F0||=2.644791e-01 
  Linear solve converged due to CONVERGED_RTOL iterations 1
  3 SNES Function norm 1.179949667154e+01 
USING PICARD JACOBIAN for iteration 3, ||F||/||F0||=1.834998e-01 
  Linear solve converged due to CONVERGED_RTOL iterations 1
  4 SNES Function norm 9.065681773292e+00 
USING PICARD JACOBIAN for iteration 4, ||F||/||F0||=1.409849e-01 
  Linear solve converged due to CONVERGED_RTOL iterations 1
  5 SNES Function norm 7.353650962994e+00 
USING PICARD JACOBIAN for iteration 5, ||F||/||F0||=1.143603e-01 
  Linear solve converged due to CONVERGED_RTOL iterations 1
  6 SNES Function norm 6.114659181921e+00 
===================================================
SWITCH TO MF JACOBIAN: ||F||/||F0||=9.509211e-02, PicIt=5 
===================================================
USING MF JACOBIAN for iteration 6, ||F||/||F0||=9.509211e-02 
  Linear solve converged due to CONVERGED_RTOL iterations 6
  7 SNES Function norm 1.663697773291e+01 
USING MF JACOBIAN for iteration 7, ||F||/||F0||=2.587299e-01 
  Linear solve converged due to CONVERGED_RTOL iterations 2
  8 SNES Function norm 1.698830283159e+00 
USING MF JACOBIAN for iteration 8, ||F||/||F0||=2.641935e-02 
  Linear solve converged due to CONVERGED_RTOL iterations 7
  9 SNES Function norm 1.894418184642e-01 
USING MF JACOBIAN for iteration 9, ||F||/||F0||=2.946104e-03 
  Linear solve converged due to CONVERGED_RTOL iterations 6
 10 SNES Function norm 5.360821234449e-03 
 SNES Convergence Reason: ||F|| < rtol*||F_initial|| 
 Number of iterations : 10
 Nonlinear solve took 0.442557 (sec)
------------------------------------------
Residual summary: 
  Continuity: 
    Div_min  = -1.618951483724e-09 
    Div_max  = 1.225203570543e-09 
    |Div|_2  = 6.468423400147e-09 
  Momentum: 
    |mRes|_2 = 5.360821234445e-03 
------------------------------------------
 Created new directory Timestep_000018_7.523864e-02 
 Time = 0.0844125[Myr], dt = 0.00917386[Myr] 
 Finished timestep 18 out of 19 
 
Time step 19 -------------------------------------------------------- 
  0 SNES Function norm 8.036374279016e+01 
USING PICARD JACOBIAN for iteration 0, ||F||/||F0||=1.000000e+00 
  Linear solve converged due to CONVERGED_RTOL iterations 1
  1 SNES Function norm 4.244511128722e+01 
USING PICARD JACOBIAN for iteration 1, ||F||/||F0||=5.281625e-01 
  Linear solve converged due to CONVERGED_RTOL iterations 1
  2 SNES Function norm 3.151631363860e+01 
USING PICARD JACOBIAN for iteration 2, ||F||/||F0||=3.921708e-01 
  Linear solve converged due to CONVERGED_RTOL iterations 1
  3 SNES Function norm 2.578641388926e+01 
USING PICARD JACOBIAN for iteration 3, ||F||/||F0||=3.208712e-01 
  Linear solve converged due to CONVERGED_RTOL iterations 1
  4 SNES Function norm 2.214038995212e+01 
USING PICARD JACOBIAN for iteration 4, ||F||/||F0||=2.755022e-01 
  Linear solve converged due to CONVERGED_RTOL iterations 1
  5 SNES Function norm 1.962827458397e+01 
USING PICARD JACOBIAN for iteration 5, ||F||/||F0||=2.442429e-01 
  Linear solve converged due to CONVERGED_RTOL iterations 1
  6 SNES Function norm 1.748576356953e+01 
USING PICARD JACOBIAN for iteration 6, ||F||/||F0||=2.175827e-01 
  Linear solve converged due to CONVERGED_RTOL iterations 1
  7 SNES Function norm 1.463985075951e+01 
USING PICARD JACOBIAN for iteration 7, ||F||/||F0||=1.821698e-01 
  Linear solve converged due to CONVERGED_RTOL iterations 1
  8 SNES Function norm 1.276238293660e+01 
USING PICARD JACOBIAN for iteration 8, ||F||/||F0||=1.588077e-01 
  Linear solve converged due to CONVERGED_RTOL iterations 1
  9 SNES Function norm 1.135582980302e+01 
USING PICARD JACOBIAN for iteration 9, ||F||/||F0||=1.413054e-01 
  Linear solve converged due to CONVERGED_RTOL iterations 1
 10 SNES Function norm 1.015502642801e+01 
USING PICARD JACOBIAN for iteration 10, ||F||/||F0||=1.263633e-01 
  Linear solve converged due to CONVERGED_RTOL iterations 1
 11 SNES Function norm 9.117902973859e+00 
USING PICARD JACOBIAN for iteration 11, ||F||/||F0||=1.134579e-01 
  Linear solve converged due to CONVERGED_RTOL iterations 1
 12 SNES Function norm 8.209069605398e+00 
USING PICARD JACOBIAN for iteration 12, ||F||/||F0||=1.021489e-01 
  Linear solve converged due to CONVERGED_RTOL iterations 1
 13 SNES Function norm 7.409048300782e+00 
===================================================
SWITCH TO MF JACOBIAN: ||F||/||F0||=9.219392e-02, PicIt=5 
===================================================
USING MF JACOBIAN for iteration 13, ||F||/||F0||=9.219392e-02 
  Linear solve converged due to CONVERGED_RTOL iterations 7
 14 SNES Function norm 1.714141134792e+01 
USING MF JACOBIAN for iteration 14, ||F||/||F0||=2.132978e-01 
  Linear solve converged due to CONVERGED_RTOL iterations 2
 15 SNES Function norm 1.682964471748e+00 
USING MF JACOBIAN for iteration 15, ||F||/||F0||=2.094184e-02 
  Linear solve converged due to CONVERGED_RTOL iterations 8
 16 SNES Function norm 8.990982827067e-02 
USING MF JACOBIAN for iteration 16, ||F||/||F0||=1.118786e-03 
  Linear solve converged due to CONVERGED_RTOL iterations 11
 17 SNES Function norm 5.432309642496e-04 
 SNES Convergence Reason: ||F|| < rtol*||F_initial|| 
 Number of iterations : 17
 Nonlinear solve took 0.74359 (sec)
------------------------------------------
Residual summary: 
  Continuity: 
    Div_min  = -2.195862142834e-10 
    Div_max  = 2.764456442082e-10 
    |Div|_2  = 1.180436840062e-09 
  Momentum: 
    |mRes|_2 = 5.432309642483e-04 
------------------------------------------
 Created new directory Timestep_000019_8.441250e-02 
 Time = 0.0944125[Myr], dt = 0.01[Myr] 
 Finished timestep 19 out of 19 
 
 Simulation took 10.5214 (sec) 
#PETSc Option Table entries:
-AVDPhaseViewer 0
-AddRandomNoiseParticles 0
-ExxNumPeriods 1
-ExxStrainRates -1e-15
-H_bottom 0
-H_layer 10
-Inclusion_size 1
-Inclusion_use
-ParamFile ./t4_Loc/localization_mat_free.dat
-dt 1.5e-3
-jac_mat_free
-jp_pc_factor_mat_solver_package mumps
-jp_pc_type lu
-jp_type user
-js_ksp_atol 1e-14
-js_ksp_converged_reason
-js_ksp_max_it 50
-js_ksp_rtol 1e-10
-js_ksp_type fgmres
-objects_dump
-open_top_bound
-options_left
-out_cont_res 1
-out_density 1
-out_dev_stress 1
-out_j2_dev_stress 1
-out_j2_strain_rate 1
-out_moment_res 1
-out_phase 1
-out_plast_strain 1
-out_pressure 1
-out_pvd 1
-out_strain_rate 1
-out_temperature 1
-out_velocity 1
-out_viscosity 1
-pcmat_pgamma 1e3
-pcmat_type mono
-restart 0
-save_breakpoints 0
-skip_press_shift
-snes_NewtonSwitchToPicard_it 20
-snes_NewtonSwitchToPicard_rtol 1.1
-snes_PicardSwitchToNewton_rtol 1e-1
-snes_atol 1e-7
-snes_ksp_ew
-snes_ksp_ew_rtolmax 1e-1
-snes_max_funcs 500000
-snes_max_it 50
-snes_max_linear_solve_fail 10000
-snes_monitor
-snes_rtol 1e-4
-snes_stol 1e-16
#End of PETSc Option Table entries
There are 2 unused database options. They are:
Option left: name:-AVDPhaseViewer value: 0
Option left: name:-out_viscosity value: 1
