-------------------------------------------------------------------------- 
                   Lithosphere and Mantle Evolution Model                   
     Compiled: Date: Oct  2 2024 - Time: 12:03:10 	    
     Version : 2.1.4 
-------------------------------------------------------------------------- 
        STAGGERED-GRID FINITE DIFFERENCE CANONICAL IMPLEMENTATION           
-------------------------------------------------------------------------- 
Parsing input file : t12_Temperature_diffusion.dat 
   Adding PETSc option: -snes_npicard 2
   Adding PETSc option: -snes_monitor
   Adding PETSc option: -snes_max_it 1
   Adding PETSc option: -js_ksp_type fgmres
   Adding PETSc option: -js_ksp_max_it 30
   Adding PETSc option: -objects_dump
Finished parsing input file 
--------------------------------------------------------------------------
Scaling parameters:
   Temperature : 1. [C/K] 
   Length      : 1000. [m] 
   Viscosity   : 1e+18 [Pa*s] 
   Stress      : 1e+06 [Pa] 
--------------------------------------------------------------------------
Time stepping parameters:
   Simulation end time          : 20. [Myr] 
   Maximum number of steps      : 5 
   Time step                    : 0.1 [Myr] 
   Minimum time step            : 0.001 [Myr] 
   Maximum time step            : 100. [Myr] 
   Time step increase factor    : 0.1 
   CFL criterion                : 0.5 
   CFLMAX (fixed time steps)    : 0.5 
   Output time step             : 0.2 [Myr] 
   Output every [n] steps       : 5 
   Output [n] initial steps     : 1 
--------------------------------------------------------------------------
Grid parameters:
   Total number of cpu                  : 1 
   Processor grid  [nx, ny, nz]         : [1, 1, 1]
   Fine grid cells [nx, ny, nz]         : [4, 2, 128]
   Number of cells                      :  1024
   Number of faces                      :  3848
   Maximum cell aspect ratio            :  2.00000
   Lower coordinate bounds [bx, by, bz] : [0., 0., -50.]
   Upper coordinate bounds [ex, ey, ez] : [2., 2., 50.]
--------------------------------------------------------------------------
--------------------------------------------------------------------------
Material parameters: 
--------------------------------------------------------------------------
   Phase ID : 0   
   (dens)   : rho = 3000. [kg/m^3]  
   (diff)   : eta = 1e+20 [Pa*s]  Bd = 5e-21 [1/Pa/s]  
   (temp)   : Cp = 1050. [J/kg/K]  k = 3. [W/m/k]  

--------------------------------------------------------------------------
--------------------------------------------------------------------------
Boundary condition parameters: 
   No-slip boundary mask [lt rt ft bk bm tp]  : 0 0 0 0 0 0 
   Top boundary temperature                   : 150. [C] 
   Bottom boundary temperature                : 150. [C] 
--------------------------------------------------------------------------
Solution parameters & controls:
   Gravity [gx, gy, gz]                    : [0., 0., -1.] [m/s^2] 
   Surface stabilization (FSSA)            :  1. 
   Shear heating efficiency                :  1. 
   Activate temperature diffusion          @ 
   Compute initial guess                   @ 
   Use lithostatic pressure for creep      @ 
   Minimum viscosity                       : 1e+18 [Pa*s] 
   Maximum viscosity                       : 1e+20 [Pa*s] 
   Reference viscosity (initial guess)     : 1e+20 [Pa*s] 
   Max. melt fraction (viscosity, density) : 1.    
   Rheology iteration number               : 25  
   Rheology iteration tolerance            : 1e-06    
   Ground water level type                 : none 
--------------------------------------------------------------------------
Advection parameters:
   Advection scheme              : Euler 1-st order (basic implementation)
   Periodic marker advection     : 0 0 0 
   Marker setup scheme           : binary files (MATLAB)
   Velocity interpolation scheme : STAG (linear)
   Marker control type           : AVD for cells + corner insertion
   Markers per cell [nx, ny, nz] : [3, 3, 3] 
   Marker distribution type      : uniform
--------------------------------------------------------------------------
Loading markers in parallel from file(s) <./markers_pT1/mdb> ... done (0.00516642 sec)
--------------------------------------------------------------------------
Output parameters:
   Output file name                        : t13 
   Write .pvd file                         : yes 
   Phase                                   @ 
   Total effective viscosity               @ 
   Creep effective viscosity               @ 
   Velocity                                @ 
   Pressure                                @ 
   Temperature                             @ 
   Momentum residual                       @ 
   Continuity residual                     @ 
   energy residual                         @ 
--------------------------------------------------------------------------
Preconditioner parameters: 
   Matrix type                   : monolithic
   Schur preconditioner type     : inv_eta 
   Preconditioner type           : user-defined
--------------------------------------------------------------------------
Solver parameters specified: 
   Outermost Krylov solver       : fgmres 
   Solver type                   : serial direct/lu 
   Solver package                : petsc 
--------------------------------------------------------------------------
============================== INITIAL GUESS =============================
--------------------------------------------------------------------------
  0 SNES Function norm 9.562426470306e+01 
  0 PICARD ||F||/||F0||=1.000000e+00 
  Linear js_ solve converged due to CONVERGED_RTOL iterations 2
  1 SNES Function norm 2.741856659744e-10 
--------------------------------------------------------------------------
SNES Convergence Reason : ||F|| < atol 
Number of iterations    : 1
SNES solution time      : 0.0198017 (sec)
--------------------------------------------------------------------------
Residual summary: 
   Continuity: 
      |Div|_inf = 1.339128078420e-13 
      |Div|_2   = 1.392237929789e-12 
   Momentum: 
      |mRes|_2  = 2.741821312547e-10 
   Energy: 
      |eRes|_2  = 1.107251837344e-03 
--------------------------------------------------------------------------
Saving output ... done (0.000560392 sec)
--------------------------------------------------------------------------
================================= STEP 1 =================================
--------------------------------------------------------------------------
Current time        : 0.00000000 [Myr] 
Tentative time step : 0.10000000 [Myr] 
--------------------------------------------------------------------------
  0 SNES Function norm 1.513337081347e-10 
  0 PICARD ||F||/||F0||=1.000000e+00 
  Linear js_ solve converged due to CONVERGED_RTOL iterations 2
  1 SNES Function norm 6.473760029759e-13 
--------------------------------------------------------------------------
SNES Convergence Reason : ||F|| < atol 
Number of iterations    : 1
SNES solution time      : 0.00953382 (sec)
--------------------------------------------------------------------------
Residual summary: 
   Continuity: 
      |Div|_inf = 4.086156315413e-26 
      |Div|_2   = 3.684295355498e-25 
   Momentum: 
      |mRes|_2  = 6.473760029759e-13 
   Energy: 
      |eRes|_2  = 1.107251837344e-03 
--------------------------------------------------------------------------
Actual time step : 0.11000 [Myr] 
--------------------------------------------------------------------------
Performing marker control (standard algorithm)
--------------------------------------------------------------------------
Saving output ... done (0.000575233 sec)
--------------------------------------------------------------------------
================================= STEP 2 =================================
--------------------------------------------------------------------------
Current time        : 0.11000000 [Myr] 
Tentative time step : 0.11000000 [Myr] 
--------------------------------------------------------------------------
  0 SNES Function norm 6.473760029759e-13 
  0 PICARD ||F||/||F0||=1.000000e+00 
  Linear js_ solve converged due to CONVERGED_RTOL iterations 2
  1 SNES Function norm 3.657303692425e-13 
--------------------------------------------------------------------------
SNES Convergence Reason : ||F|| < atol 
Number of iterations    : 1
SNES solution time      : 0.00984668 (sec)
--------------------------------------------------------------------------
Residual summary: 
   Continuity: 
      |Div|_inf = 1.012269982476e-28 
      |Div|_2   = 1.033641942649e-27 
   Momentum: 
      |mRes|_2  = 3.657303692425e-13 
   Energy: 
      |eRes|_2  = 2.424030179892e-04 
--------------------------------------------------------------------------
Actual time step : 0.12100 [Myr] 
--------------------------------------------------------------------------
Performing marker control (standard algorithm)
--------------------------------------------------------------------------
================================= STEP 3 =================================
--------------------------------------------------------------------------
Current time        : 0.23100000 [Myr] 
Tentative time step : 0.12100000 [Myr] 
--------------------------------------------------------------------------
  0 SNES Function norm 3.657303692425e-13 
  0 PICARD ||F||/||F0||=1.000000e+00 
  Linear js_ solve converged due to CONVERGED_RTOL iterations 2
  1 SNES Function norm 3.889247229351e-13 
--------------------------------------------------------------------------
SNES Convergence Reason : ||F|| < atol 
Number of iterations    : 1
SNES solution time      : 0.00954757 (sec)
--------------------------------------------------------------------------
Residual summary: 
   Continuity: 
      |Div|_inf = 3.181944416919e-29 
      |Div|_2   = 3.147909378698e-28 
   Momentum: 
      |mRes|_2  = 3.889247229351e-13 
   Energy: 
      |eRes|_2  = 1.709034874351e-04 
--------------------------------------------------------------------------
Actual time step : 0.13310 [Myr] 
--------------------------------------------------------------------------
Performing marker control (standard algorithm)
--------------------------------------------------------------------------
Saving output ... done (0.000480931 sec)
--------------------------------------------------------------------------
================================= STEP 4 =================================
--------------------------------------------------------------------------
Current time        : 0.36410000 [Myr] 
Tentative time step : 0.13310000 [Myr] 
--------------------------------------------------------------------------
  0 SNES Function norm 3.889247229351e-13 
  0 PICARD ||F||/||F0||=1.000000e+00 
  Linear js_ solve converged due to CONVERGED_RTOL iterations 2
  1 SNES Function norm 2.160419334337e-13 
--------------------------------------------------------------------------
SNES Convergence Reason : ||F|| < atol 
Number of iterations    : 1
SNES solution time      : 0.00950362 (sec)
--------------------------------------------------------------------------
Residual summary: 
   Continuity: 
      |Div|_inf = 4.131658991095e-29 
      |Div|_2   = 5.250148803159e-28 
   Momentum: 
      |mRes|_2  = 2.160419334337e-13 
   Energy: 
      |eRes|_2  = 3.516990505371e-04 
--------------------------------------------------------------------------
Actual time step : 0.14641 [Myr] 
--------------------------------------------------------------------------
Performing marker control (standard algorithm)
--------------------------------------------------------------------------
================================= STEP 5 =================================
--------------------------------------------------------------------------
Current time        : 0.51051000 [Myr] 
Tentative time step : 0.14641000 [Myr] 
--------------------------------------------------------------------------
  0 SNES Function norm 2.160419334337e-13 
  0 PICARD ||F||/||F0||=1.000000e+00 
  Linear js_ solve converged due to CONVERGED_RTOL iterations 2
  1 SNES Function norm 1.543808704389e-13 
--------------------------------------------------------------------------
SNES Convergence Reason : ||F|| < atol 
Number of iterations    : 1
SNES solution time      : 0.00946854 (sec)
--------------------------------------------------------------------------
Residual summary: 
   Continuity: 
      |Div|_inf = 9.569868856462e-29 
      |Div|_2   = 4.308877437057e-28 
   Momentum: 
      |mRes|_2  = 1.543808704389e-13 
   Energy: 
      |eRes|_2  = 2.966824589405e-04 
--------------------------------------------------------------------------
Actual time step : 0.16105 [Myr] 
--------------------------------------------------------------------------
Performing marker control (standard algorithm)
--------------------------------------------------------------------------
Saving output ... done (0.00046023 sec)
--------------------------------------------------------------------------
=========================== SOLUTION IS DONE! ============================
--------------------------------------------------------------------------
Total solution time : 0.114073 (sec) 
--------------------------------------------------------------------------
