--------------------------------------------------------------------------
Parsing input file : Rheology_VE_0D.dat 
Finished parsing input file 
--------------------------------------------------------------------------
Parsing PETSc options
Total number of options added: 0
--------------------------------------------------------------------------
#PETSc Option Table entries:
-bf_vs_type user # (source: code)
-jp_pgamma 1000 # (source: code)
-jp_type bf # (source: code)
-js_ksp_atol 1e-10 # (source: code)
-js_ksp_converged_reason # (source: code)
-js_ksp_max_it 100 # (source: code)
-js_ksp_monitor # (source: code)
-js_ksp_rtol 1e-12 # (source: code)
-js_ksp_type fgmres # (source: code)
-options_left # (source: code)
-ParamFile Rheology_VE_0D.dat # (source: code)
-snes_atol 1e-07 # (source: code)
-snes_linesearch_max_it 5 # (source: code)
-snes_linesearch_maxstep 1.0 # (source: code)
-snes_linesearch_minlambda 0.05 # (source: code)
-snes_linesearch_type l2 # (source: code)
-snes_max_funcs unlimited # (source: code)
-snes_max_it 100 # (source: code)
-snes_monitor # (source: code)
-snes_newton_maxit 20 # (source: code)
-snes_newton_rtol 1.2 # (source: code)
-snes_picard_minit 5 # (source: code)
-snes_picard_rtol 0.0001 # (source: code)
-snes_rtol 0.0001 # (source: code)
-snes_stol 1e-32 # (source: code)
-vs_ksp_type preonly # (source: code)
-vs_pc_factor_mat_solver_type mumps # (source: code)
-vs_pc_type lu # (source: code)
#End of PETSc Option Table entries
-------------------------------------------------------------------------- 
                   Lithosphere and Mantle Evolution Model                   
     Compiled: Date: Jul  1 2026 - Time: 19:41:29 	    
     Version : 3.0.0 
-------------------------------------------------------------------------- 
        STAGGERED-GRID FINITE DIFFERENCE CANONICAL IMPLEMENTATION           
-------------------------------------------------------------------------- 
Scaling parameters:
   Temperature : 1. [C/K] 
   Length      : 100. [m] 
   Viscosity   : 1e+18 [Pa*s] 
   Stress      : 4e+07 [Pa] 
--------------------------------------------------------------------------
Time stepping parameters:
   Simulation end time          : 1. [Myr] 
   Maximum number of steps      : 20 
   Time step                    : 0.002 [Myr] 
   Minimum time step            : 0.002 [Myr] 
   Maximum time step            : 0.002 [Myr] 
   Time step increase factor    : 0.1 
   CFL criterion                : 0.5 
   CFLMAX (fixed time steps)    : 0.8 
   Output time step             : 0.1 [Myr] 
   Output every [n] steps       : 1 
   Output [n] initial steps     : 1 
--------------------------------------------------------------------------
Grid parameters:
   Total number of cpu                  : 1 
   Processor grid  [nx, ny, nz]         : [1, 1, 1]
   Fine grid cells [nx, ny, nz]         : [8, 2, 8]
   Number of cells                      :  128
   Number of faces                      :  480
   Maximum cell aspect ratio            :  6.25000
   Lower coordinate bounds [bx, by, bz] : [-2.5, -0.1, -2.5]
   Upper coordinate bounds [ex, ey, ez] : [2.5, 0.1, 2.5]
--------------------------------------------------------------------------
Material parameters: 

   Phase ID : 0   
   (dens)   : rho = 1000. [kg/m^3]  
   (elast)  : G = 5e+10 [Pa]  Vs = 7071.07 [m/s]  
   (diff)   : eta = 1e+22 [Pa*s]  Bd = 5e-23 [1/Pa/s]  
   (temp)   : Cp = 1000. [J/kg/K]  k = 2.5 [W/m/k]  

--------------------------------------------------------------------------
Boundary condition parameters: 
   No-slip boundary mask [lt rt ft bk bm tp]  : 0 0 0 0 0 0 
   Number of x-background strain rate periods : 1 
   Top boundary temperature                   : 100. [C] 
   Bottom boundary temperature                : 100. [C] 
--------------------------------------------------------------------------
Solution parameters & controls:
   Surface stabilization (FSSA)            :  1. 
   Compute initial guess                   @ 
   Use lithostatic pressure for creep      @ 
   Use lithostatic pressure for plasticity @ 
   Limit pressure at first iteration       @ 
   Minimum viscosity                       : 1e+18 [Pa*s] 
   Maximum viscosity                       : 1e+25 [Pa*s] 
   Reference viscosity (initial guess)     : 1e+20 [Pa*s] 
   Ultimate yield stress                   : 1e+09 [Pa] 
   Max. melt fraction (viscosity, density) : 1.    
   Rheology iteration number               : 25  
   Rheology iteration tolerance            : 1e-06    
   Ground water level type                 : none 
--------------------------------------------------------------------------
Advection parameters:
   Advection scheme              : Euler 1-st order (basic implementation)
   Marker setup scheme           : geometric primitives
   Velocity interpolation scheme : STAG (linear)
   Marker control type           : no marker control
   Markers per cell [nx, ny, nz] : [3, 3, 3] 
   Marker distribution type      : uniform
   Background phase ID           : 0 
--------------------------------------------------------------------------
Reading geometric primitives ... done (9.0002e-05 sec)
--------------------------------------------------------------------------
Output parameters:
   Output file name                        : Rheolog0D_VE 
   Write .pvd file                         : yes 
   Phase                                   @ 
   Density                                 @ 
   Total effective viscosity               @ 
   Creep effective viscosity               @ 
   Velocity                                @ 
   Pressure                                @ 
   Overpressure                            @ 
   Lithostatic pressure                    @ 
   Pore pressure                           @ 
   Temperature                             @ 
   Deviatoric stress tensor                @ 
   Deviatoric stress second invariant      @ 
   Deviatoric strain rate tensor           @ 
   Deviatoric strain rate second invariant @ 
   Maximum horizontal stress               @ 
   Maximum horizontal extension            @ 
   Yield stress                            @ 
   Accumulated Plastic Strain (APS)        @ 
   Plastic dissipation                     @ 
   Total displacements                     @ 
   Momentum residual                       @ 
   Continuity residual                     @ 
--------------------------------------------------------------------------
--------------------------------------------------------------------------
Preconditioner parameters: 
   Picard operator type          : assembled
   Preconditioner type           : block factorization
   Block factorization type      : upper 
   Velocity preconditioner       : user-defined
   Schur preconditioner          : inverse viscosity
   Penalty parameter (pgamma)    : 1.000000e+03
--------------------------------------------------------------------------
============================== INITIAL GUESS =============================
--------------------------------------------------------------------------
  0 SNES Function norm 1.708072337786e-02
  0 PICARD ||F||/||F0||=1.000000e+00 
    Residual norms for js_ solve.
    0 KSP Residual norm 1.708072337786e-02
    1 KSP Residual norm 6.937453157643e-04
    2 KSP Residual norm 3.328313300720e-11
    Linear js_ solve converged due to CONVERGED_ATOL iterations 2
  1 SNES Function norm 3.301953886420e-11
--------------------------------------------------------------------------
SNES Convergence Reason : ||F|| < atol 
Number of iterations    : 1
SNES solution time      : 0.00421966 (sec)
--------------------------------------------------------------------------
Residual summary: 
   Continuity: 
      |Div|_inf = 4.754363806673e-12 
      |Div|_2   = 3.293890440206e-11 
   Momentum: 
      |mRes|_2  = 2.306192445701e-12 
--------------------------------------------------------------------------
Saving output ... done (0.000530133 sec)
--------------------------------------------------------------------------
================================= STEP 1 =================================
--------------------------------------------------------------------------
Current time        : 0.00000000 [Myr] 
Tentative time step : 0.00200000 [Myr] 
--------------------------------------------------------------------------
  0 SNES Function norm 1.865448298742e-08
  0 PICARD ||F||/||F0||=1.000000e+00 
    Residual norms for js_ solve.
    0 KSP Residual norm 1.865448298742e-08
    1 KSP Residual norm 5.589990555925e-11
    Linear js_ solve converged due to CONVERGED_ATOL iterations 1
  1 SNES Function norm 5.589997390779e-11
--------------------------------------------------------------------------
SNES Convergence Reason : ||F|| < atol 
Number of iterations    : 1
SNES solution time      : 0.00199402 (sec)
--------------------------------------------------------------------------
Residual summary: 
   Continuity: 
      |Div|_inf = 4.760446072440e-12 
      |Div|_2   = 3.298104320960e-11 
   Momentum: 
      |mRes|_2  = 4.513377750308e-11 
--------------------------------------------------------------------------
Actual time step : 0.00200 [Myr] 
--------------------------------------------------------------------------
Saving output ... done (0.000459221 sec)
--------------------------------------------------------------------------
================================= STEP 2 =================================
--------------------------------------------------------------------------
Current time        : 0.00200000 [Myr] 
Tentative time step : 0.00200000 [Myr] 
--------------------------------------------------------------------------
  0 SNES Function norm 2.584331453243e-05
  0 PICARD ||F||/||F0||=1.000000e+00 
    Residual norms for js_ solve.
    0 KSP Residual norm 2.584331453243e-05
    1 KSP Residual norm 4.403591844680e-08
    2 KSP Residual norm 7.290561793375e-11
    Linear js_ solve converged due to CONVERGED_ATOL iterations 2
  1 SNES Function norm 7.291133908416e-11
--------------------------------------------------------------------------
SNES Convergence Reason : ||F|| < atol 
Number of iterations    : 1
SNES solution time      : 0.00315651 (sec)
--------------------------------------------------------------------------
Residual summary: 
   Continuity: 
      |Div|_inf = 7.678347940918e-13 
      |Div|_2   = 3.546477814724e-12 
   Momentum: 
      |mRes|_2  = 7.282503595712e-11 
--------------------------------------------------------------------------
Actual time step : 0.00200 [Myr] 
--------------------------------------------------------------------------
Saving output ... done (0.00038957 sec)
--------------------------------------------------------------------------
================================= STEP 3 =================================
--------------------------------------------------------------------------
Current time        : 0.00400000 [Myr] 
Tentative time step : 0.00200000 [Myr] 
--------------------------------------------------------------------------
  0 SNES Function norm 2.584490882700e-05
  0 PICARD ||F||/||F0||=1.000000e+00 
    Residual norms for js_ solve.
    0 KSP Residual norm 2.584490882700e-05
    1 KSP Residual norm 4.393362583900e-08
    2 KSP Residual norm 1.002942498257e-10
    3 KSP Residual norm 1.874892088306e-11
    Linear js_ solve converged due to CONVERGED_ATOL iterations 3
  1 SNES Function norm 2.183058879709e-11
--------------------------------------------------------------------------
SNES Convergence Reason : ||F|| < atol 
Number of iterations    : 1
SNES solution time      : 0.00331378 (sec)
--------------------------------------------------------------------------
Residual summary: 
   Continuity: 
      |Div|_inf = 3.434694138805e-13 
      |Div|_2   = 1.586414962919e-12 
   Momentum: 
      |mRes|_2  = 2.177287061443e-11 
--------------------------------------------------------------------------
Actual time step : 0.00200 [Myr] 
--------------------------------------------------------------------------
Saving output ... done (0.00041466 sec)
--------------------------------------------------------------------------
================================= STEP 4 =================================
--------------------------------------------------------------------------
Current time        : 0.00600000 [Myr] 
Tentative time step : 0.00200000 [Myr] 
--------------------------------------------------------------------------
  0 SNES Function norm 2.584364730646e-05
  0 PICARD ||F||/||F0||=1.000000e+00 
    Residual norms for js_ solve.
    0 KSP Residual norm 2.584364730646e-05
    1 KSP Residual norm 4.387072856186e-08
    2 KSP Residual norm 1.785936020451e-11
    Linear js_ solve converged due to CONVERGED_ATOL iterations 2
  1 SNES Function norm 1.785888440473e-11
--------------------------------------------------------------------------
SNES Convergence Reason : ||F|| < atol 
Number of iterations    : 1
SNES solution time      : 0.00191837 (sec)
--------------------------------------------------------------------------
Residual summary: 
   Continuity: 
      |Div|_inf = 2.659567343102e-13 
      |Div|_2   = 1.228401469934e-12 
   Momentum: 
      |mRes|_2  = 1.781658727170e-11 
--------------------------------------------------------------------------
Actual time step : 0.00200 [Myr] 
--------------------------------------------------------------------------
Saving output ... done (0.00042908 sec)
--------------------------------------------------------------------------
================================= STEP 5 =================================
--------------------------------------------------------------------------
Current time        : 0.00800000 [Myr] 
Tentative time step : 0.00200000 [Myr] 
--------------------------------------------------------------------------
  0 SNES Function norm 2.584230563139e-05
  0 PICARD ||F||/||F0||=1.000000e+00 
    Residual norms for js_ solve.
    0 KSP Residual norm 2.584230563139e-05
    1 KSP Residual norm 4.383276597753e-08
    2 KSP Residual norm 4.578238098663e-11
    Linear js_ solve converged due to CONVERGED_ATOL iterations 2
  1 SNES Function norm 4.578053834688e-11
--------------------------------------------------------------------------
SNES Convergence Reason : ||F|| < atol 
Number of iterations    : 1
SNES solution time      : 0.00189821 (sec)
--------------------------------------------------------------------------
Residual summary: 
   Continuity: 
      |Div|_inf = 4.341121442896e-13 
      |Div|_2   = 2.005078021657e-12 
   Momentum: 
      |mRes|_2  = 4.573660846037e-11 
--------------------------------------------------------------------------
Actual time step : 0.00200 [Myr] 
--------------------------------------------------------------------------
Saving output ... done (0.000386529 sec)
--------------------------------------------------------------------------
================================= STEP 6 =================================
--------------------------------------------------------------------------
Current time        : 0.01000000 [Myr] 
Tentative time step : 0.00200000 [Myr] 
--------------------------------------------------------------------------
  0 SNES Function norm 2.584220025379e-05
  0 PICARD ||F||/||F0||=1.000000e+00 
    Residual norms for js_ solve.
    0 KSP Residual norm 2.584220025379e-05
    1 KSP Residual norm 4.381172232315e-08
    2 KSP Residual norm 6.121128565009e-11
    Linear js_ solve converged due to CONVERGED_ATOL iterations 2
  1 SNES Function norm 6.121346435751e-11
--------------------------------------------------------------------------
SNES Convergence Reason : ||F|| < atol 
Number of iterations    : 1
SNES solution time      : 0.00315596 (sec)
--------------------------------------------------------------------------
Residual summary: 
   Continuity: 
      |Div|_inf = 3.705145931276e-13 
      |Div|_2   = 1.711333632420e-12 
   Momentum: 
      |mRes|_2  = 6.118953796072e-11 
--------------------------------------------------------------------------
Actual time step : 0.00200 [Myr] 
--------------------------------------------------------------------------
Saving output ... done (0.00041435 sec)
--------------------------------------------------------------------------
================================= STEP 7 =================================
--------------------------------------------------------------------------
Current time        : 0.01200000 [Myr] 
Tentative time step : 0.00200000 [Myr] 
--------------------------------------------------------------------------
  0 SNES Function norm 2.584413882130e-05
  0 PICARD ||F||/||F0||=1.000000e+00 
    Residual norms for js_ solve.
    0 KSP Residual norm 2.584413882130e-05
    1 KSP Residual norm 4.380370983444e-08
    2 KSP Residual norm 7.665961611403e-11
    Linear js_ solve converged due to CONVERGED_ATOL iterations 2
  1 SNES Function norm 7.665561914857e-11
--------------------------------------------------------------------------
SNES Convergence Reason : ||F|| < atol 
Number of iterations    : 1
SNES solution time      : 0.00315441 (sec)
--------------------------------------------------------------------------
Residual summary: 
   Continuity: 
      |Div|_inf = 5.288110003869e-13 
      |Div|_2   = 2.442473309609e-12 
   Momentum: 
      |mRes|_2  = 7.661669707827e-11 
--------------------------------------------------------------------------
Actual time step : 0.00200 [Myr] 
--------------------------------------------------------------------------
Saving output ... done (0.000387479 sec)
--------------------------------------------------------------------------
================================= STEP 8 =================================
--------------------------------------------------------------------------
Current time        : 0.01400000 [Myr] 
Tentative time step : 0.00200000 [Myr] 
--------------------------------------------------------------------------
  0 SNES Function norm 2.584207924000e-05
  0 PICARD ||F||/||F0||=1.000000e+00 
    Residual norms for js_ solve.
    0 KSP Residual norm 2.584207924000e-05
    1 KSP Residual norm 4.379278983198e-08
    2 KSP Residual norm 9.135234600299e-11
    Linear js_ solve converged due to CONVERGED_ATOL iterations 2
  1 SNES Function norm 9.134726539950e-11
--------------------------------------------------------------------------
SNES Convergence Reason : ||F|| < atol 
Number of iterations    : 1
SNES solution time      : 0.00188092 (sec)
--------------------------------------------------------------------------
Residual summary: 
   Continuity: 
      |Div|_inf = 5.406045789247e-13 
      |Div|_2   = 2.496945498060e-12 
   Momentum: 
      |mRes|_2  = 9.131313245720e-11 
--------------------------------------------------------------------------
Actual time step : 0.00200 [Myr] 
--------------------------------------------------------------------------
Saving output ... done (0.000371129 sec)
--------------------------------------------------------------------------
================================= STEP 9 =================================
--------------------------------------------------------------------------
Current time        : 0.01600000 [Myr] 
Tentative time step : 0.00200000 [Myr] 
--------------------------------------------------------------------------
  0 SNES Function norm 2.584235481516e-05
  0 PICARD ||F||/||F0||=1.000000e+00 
    Residual norms for js_ solve.
    0 KSP Residual norm 2.584235481516e-05
    1 KSP Residual norm 4.378884721355e-08
    2 KSP Residual norm 1.032990576005e-10
    3 KSP Residual norm 3.891456482367e-11
    Linear js_ solve converged due to CONVERGED_ATOL iterations 3
  1 SNES Function norm 5.066354040488e-11
--------------------------------------------------------------------------
SNES Convergence Reason : ||F|| < atol 
Number of iterations    : 1
SNES solution time      : 0.00195372 (sec)
--------------------------------------------------------------------------
Residual summary: 
   Continuity: 
      |Div|_inf = 6.360784600044e-13 
      |Div|_2   = 2.937918110059e-12 
   Momentum: 
      |mRes|_2  = 5.057828549423e-11 
--------------------------------------------------------------------------
Actual time step : 0.00200 [Myr] 
--------------------------------------------------------------------------
Saving output ... done (0.000407819 sec)
--------------------------------------------------------------------------
================================ STEP 10 =================================
--------------------------------------------------------------------------
Current time        : 0.01800000 [Myr] 
Tentative time step : 0.00200000 [Myr] 
--------------------------------------------------------------------------
  0 SNES Function norm 2.584239118359e-05
  0 PICARD ||F||/||F0||=1.000000e+00 
    Residual norms for js_ solve.
    0 KSP Residual norm 2.584239118359e-05
    1 KSP Residual norm 4.378602934021e-08
    2 KSP Residual norm 1.969673576216e-11
    Linear js_ solve converged due to CONVERGED_ATOL iterations 2
  1 SNES Function norm 1.969650242778e-11
--------------------------------------------------------------------------
SNES Convergence Reason : ||F|| < atol 
Number of iterations    : 1
SNES solution time      : 0.00189392 (sec)
--------------------------------------------------------------------------
Residual summary: 
   Continuity: 
      |Div|_inf = 1.712578172265e-13 
      |Div|_2   = 7.910058824486e-13 
   Momentum: 
      |mRes|_2  = 1.968061273389e-11 
--------------------------------------------------------------------------
Actual time step : 0.00200 [Myr] 
--------------------------------------------------------------------------
Saving output ... done (0.000383969 sec)
--------------------------------------------------------------------------
================================ STEP 11 =================================
--------------------------------------------------------------------------
Current time        : 0.02000000 [Myr] 
Tentative time step : 0.00200000 [Myr] 
--------------------------------------------------------------------------
  0 SNES Function norm 2.584358159820e-05
  0 PICARD ||F||/||F0||=1.000000e+00 
    Residual norms for js_ solve.
    0 KSP Residual norm 2.584358159820e-05
    1 KSP Residual norm 4.378686853143e-08
    2 KSP Residual norm 5.891231185640e-12
    Linear js_ solve converged due to CONVERGED_ATOL iterations 2
  1 SNES Function norm 5.892016589668e-12
--------------------------------------------------------------------------
SNES Convergence Reason : ||F|| < atol 
Number of iterations    : 1
SNES solution time      : 0.0018967 (sec)
--------------------------------------------------------------------------
Residual summary: 
   Continuity: 
      |Div|_inf = 7.932747510362e-13 
      |Div|_2   = 3.663979147696e-12 
   Momentum: 
      |mRes|_2  = 4.614229762179e-12 
--------------------------------------------------------------------------
Actual time step : 0.00200 [Myr] 
--------------------------------------------------------------------------
Saving output ... done (0.000379959 sec)
--------------------------------------------------------------------------
================================ STEP 12 =================================
--------------------------------------------------------------------------
Current time        : 0.02200000 [Myr] 
Tentative time step : 0.00200000 [Myr] 
--------------------------------------------------------------------------
  0 SNES Function norm 2.584552307461e-05
  0 PICARD ||F||/||F0||=1.000000e+00 
    Residual norms for js_ solve.
    0 KSP Residual norm 2.584552307461e-05
    1 KSP Residual norm 4.379057894680e-08
    2 KSP Residual norm 2.127817621199e-11
    Linear js_ solve converged due to CONVERGED_ATOL iterations 2
  1 SNES Function norm 2.127740079578e-11
--------------------------------------------------------------------------
SNES Convergence Reason : ||F|| < atol 
Number of iterations    : 1
SNES solution time      : 0.00187389 (sec)
--------------------------------------------------------------------------
Residual summary: 
   Continuity: 
      |Div|_inf = 3.668258730626e-13 
      |Div|_2   = 1.694296082782e-12 
   Momentum: 
      |mRes|_2  = 2.120983605331e-11 
--------------------------------------------------------------------------
Actual time step : 0.00200 [Myr] 
--------------------------------------------------------------------------
Saving output ... done (0.00038393 sec)
--------------------------------------------------------------------------
================================ STEP 13 =================================
--------------------------------------------------------------------------
Current time        : 0.02400000 [Myr] 
Tentative time step : 0.00200000 [Myr] 
--------------------------------------------------------------------------
  0 SNES Function norm 2.584259358227e-05
  0 PICARD ||F||/||F0||=1.000000e+00 
    Residual norms for js_ solve.
    0 KSP Residual norm 2.584259358227e-05
    1 KSP Residual norm 4.378478605828e-08
    2 KSP Residual norm 3.320938560817e-11
    Linear js_ solve converged due to CONVERGED_ATOL iterations 2
  1 SNES Function norm 3.321059837883e-11
--------------------------------------------------------------------------
SNES Convergence Reason : ||F|| < atol 
Number of iterations    : 1
SNES solution time      : 0.00315188 (sec)
--------------------------------------------------------------------------
Residual summary: 
   Continuity: 
      |Div|_inf = 3.513823211348e-13 
      |Div|_2   = 1.622965436290e-12 
   Momentum: 
      |mRes|_2  = 3.317091840562e-11 
--------------------------------------------------------------------------
Actual time step : 0.00200 [Myr] 
--------------------------------------------------------------------------
Saving output ... done (0.000385369 sec)
--------------------------------------------------------------------------
================================ STEP 14 =================================
--------------------------------------------------------------------------
Current time        : 0.02600000 [Myr] 
Tentative time step : 0.00200000 [Myr] 
--------------------------------------------------------------------------
  0 SNES Function norm 2.584426295260e-05
  0 PICARD ||F||/||F0||=1.000000e+00 
    Residual norms for js_ solve.
    0 KSP Residual norm 2.584426295260e-05
    1 KSP Residual norm 4.378786464650e-08
    2 KSP Residual norm 4.206427774590e-11
    Linear js_ solve converged due to CONVERGED_ATOL iterations 2
  1 SNES Function norm 4.206689870409e-11
--------------------------------------------------------------------------
SNES Convergence Reason : ||F|| < atol 
Number of iterations    : 1
SNES solution time      : 0.00188718 (sec)
--------------------------------------------------------------------------
Residual summary: 
   Continuity: 
      |Div|_inf = 6.409380777582e-13 
      |Div|_2   = 2.960366206859e-12 
   Momentum: 
      |mRes|_2  = 4.196260476306e-11 
--------------------------------------------------------------------------
Actual time step : 0.00200 [Myr] 
--------------------------------------------------------------------------
Saving output ... done (0.000383419 sec)
--------------------------------------------------------------------------
================================ STEP 15 =================================
--------------------------------------------------------------------------
Current time        : 0.02800000 [Myr] 
Tentative time step : 0.00200000 [Myr] 
--------------------------------------------------------------------------
  0 SNES Function norm 2.584464326931e-05
  0 PICARD ||F||/||F0||=1.000000e+00 
    Residual norms for js_ solve.
    0 KSP Residual norm 2.584464326931e-05
    1 KSP Residual norm 4.378906170643e-08
    2 KSP Residual norm 4.679392510995e-11
    Linear js_ solve converged due to CONVERGED_ATOL iterations 2
  1 SNES Function norm 4.679347047930e-11
--------------------------------------------------------------------------
SNES Convergence Reason : ||F|| < atol 
Number of iterations    : 1
SNES solution time      : 0.00315212 (sec)
--------------------------------------------------------------------------
Residual summary: 
   Continuity: 
      |Div|_inf = 3.053291194638e-14 
      |Div|_2   = 1.410253755676e-13 
   Momentum: 
      |mRes|_2  = 4.679325796887e-11 
--------------------------------------------------------------------------
Actual time step : 0.00200 [Myr] 
--------------------------------------------------------------------------
Saving output ... done (0.00039505 sec)
--------------------------------------------------------------------------
================================ STEP 16 =================================
--------------------------------------------------------------------------
Current time        : 0.03000000 [Myr] 
Tentative time step : 0.00200000 [Myr] 
--------------------------------------------------------------------------
  0 SNES Function norm 2.584294084314e-05
  0 PICARD ||F||/||F0||=1.000000e+00 
    Residual norms for js_ solve.
    0 KSP Residual norm 2.584294084314e-05
    1 KSP Residual norm 4.378587695741e-08
    2 KSP Residual norm 5.098299967839e-11
    Linear js_ solve converged due to CONVERGED_ATOL iterations 2
  1 SNES Function norm 5.098281029186e-11
--------------------------------------------------------------------------
SNES Convergence Reason : ||F|| < atol 
Number of iterations    : 1
SNES solution time      : 0.00317906 (sec)
--------------------------------------------------------------------------
Residual summary: 
   Continuity: 
      |Div|_inf = 2.214480226796e-14 
      |Div|_2   = 1.022823447073e-13 
   Momentum: 
      |mRes|_2  = 5.098270769170e-11 
--------------------------------------------------------------------------
Actual time step : 0.00200 [Myr] 
--------------------------------------------------------------------------
Saving output ... done (0.000382209 sec)
--------------------------------------------------------------------------
================================ STEP 17 =================================
--------------------------------------------------------------------------
Current time        : 0.03200000 [Myr] 
Tentative time step : 0.00200000 [Myr] 
--------------------------------------------------------------------------
  0 SNES Function norm 2.584305777707e-05
  0 PICARD ||F||/||F0||=1.000000e+00 
    Residual norms for js_ solve.
    0 KSP Residual norm 2.584305777707e-05
    1 KSP Residual norm 4.378587188619e-08
    2 KSP Residual norm 5.377308656238e-11
    Linear js_ solve converged due to CONVERGED_ATOL iterations 2
  1 SNES Function norm 5.377620994622e-11
--------------------------------------------------------------------------
SNES Convergence Reason : ||F|| < atol 
Number of iterations    : 1
SNES solution time      : 0.00187773 (sec)
--------------------------------------------------------------------------
Residual summary: 
   Continuity: 
      |Div|_inf = 5.854495931286e-13 
      |Div|_2   = 2.704075909256e-12 
   Momentum: 
      |mRes|_2  = 5.370818121718e-11 
--------------------------------------------------------------------------
Actual time step : 0.00200 [Myr] 
--------------------------------------------------------------------------
Saving output ... done (0.000385029 sec)
--------------------------------------------------------------------------
================================ STEP 18 =================================
--------------------------------------------------------------------------
Current time        : 0.03400000 [Myr] 
Tentative time step : 0.00200000 [Myr] 
--------------------------------------------------------------------------
  0 SNES Function norm 2.584439050602e-05
  0 PICARD ||F||/||F0||=1.000000e+00 
    Residual norms for js_ solve.
    0 KSP Residual norm 2.584439050602e-05
    1 KSP Residual norm 4.378865903111e-08
    2 KSP Residual norm 5.894631619368e-11
    Linear js_ solve converged due to CONVERGED_ATOL iterations 2
  1 SNES Function norm 5.894956387907e-11
--------------------------------------------------------------------------
SNES Convergence Reason : ||F|| < atol 
Number of iterations    : 1
SNES solution time      : 0.00187834 (sec)
--------------------------------------------------------------------------
Residual summary: 
   Continuity: 
      |Div|_inf = 5.064890428721e-13 
      |Div|_2   = 2.339372759966e-12 
   Momentum: 
      |mRes|_2  = 5.890312739255e-11 
--------------------------------------------------------------------------
Actual time step : 0.00200 [Myr] 
--------------------------------------------------------------------------
Saving output ... done (0.00041872 sec)
--------------------------------------------------------------------------
================================ STEP 19 =================================
--------------------------------------------------------------------------
Current time        : 0.03600000 [Myr] 
Tentative time step : 0.00200000 [Myr] 
--------------------------------------------------------------------------
  0 SNES Function norm 2.584398063410e-05
  0 PICARD ||F||/||F0||=1.000000e+00 
    Residual norms for js_ solve.
    0 KSP Residual norm 2.584398063410e-05
    1 KSP Residual norm 4.378828213122e-08
    2 KSP Residual norm 6.253586348470e-11
    Linear js_ solve converged due to CONVERGED_ATOL iterations 2
  1 SNES Function norm 6.253443991198e-11
--------------------------------------------------------------------------
SNES Convergence Reason : ||F|| < atol 
Number of iterations    : 1
SNES solution time      : 0.00187491 (sec)
--------------------------------------------------------------------------
Residual summary: 
   Continuity: 
      |Div|_inf = 2.156531789081e-13 
      |Div|_2   = 9.960591879504e-13 
   Momentum: 
      |mRes|_2  = 6.252650670875e-11 
--------------------------------------------------------------------------
Actual time step : 0.00200 [Myr] 
--------------------------------------------------------------------------
Saving output ... done (0.000369919 sec)
--------------------------------------------------------------------------
================================ STEP 20 =================================
--------------------------------------------------------------------------
Current time        : 0.03800000 [Myr] 
Tentative time step : 0.00200000 [Myr] 
--------------------------------------------------------------------------
  0 SNES Function norm 2.584233634722e-05
  0 PICARD ||F||/||F0||=1.000000e+00 
    Residual norms for js_ solve.
    0 KSP Residual norm 2.584233634722e-05
    1 KSP Residual norm 4.378493899274e-08
    2 KSP Residual norm 6.604699652393e-11
    Linear js_ solve converged due to CONVERGED_ATOL iterations 2
  1 SNES Function norm 6.604691496997e-11
--------------------------------------------------------------------------
SNES Convergence Reason : ||F|| < atol 
Number of iterations    : 1
SNES solution time      : 0.00312691 (sec)
--------------------------------------------------------------------------
Residual summary: 
   Continuity: 
      |Div|_inf = 2.071583058089e-14 
      |Div|_2   = 9.568213456749e-14 
   Momentum: 
      |mRes|_2  = 6.604684566260e-11 
--------------------------------------------------------------------------
Actual time step : 0.00200 [Myr] 
--------------------------------------------------------------------------
Saving output ... done (0.000384449 sec)
--------------------------------------------------------------------------
=========================== SOLUTION IS DONE! ============================
--------------------------------------------------------------------------
Total solution time : 0.0842075 (sec) 
--------------------------------------------------------------------------
#PETSc Option Table entries:
-bf_vs_type user # (source: code)
-jp_pgamma 1000 # (source: code)
-jp_type bf # (source: code)
-js_ksp_atol 1e-10 # (source: code)
-js_ksp_converged_reason # (source: code)
-js_ksp_max_it 100 # (source: code)
-js_ksp_monitor # (source: code)
-js_ksp_rtol 1e-12 # (source: code)
-js_ksp_type fgmres # (source: code)
-options_left # (source: code)
-ParamFile Rheology_VE_0D.dat # (source: code)
-snes_atol 1e-07 # (source: code)
-snes_linesearch_max_it 5 # (source: code)
-snes_linesearch_maxstep 1.0 # (source: code)
-snes_linesearch_minlambda 0.05 # (source: code)
-snes_linesearch_type l2 # (source: code)
-snes_max_funcs unlimited # (source: code)
-snes_max_it 100 # (source: code)
-snes_monitor # (source: code)
-snes_newton_maxit 20 # (source: code)
-snes_newton_rtol 1.2 # (source: code)
-snes_picard_minit 5 # (source: code)
-snes_picard_rtol 0.0001 # (source: code)
-snes_rtol 0.0001 # (source: code)
-snes_stol 1e-32 # (source: code)
-vs_ksp_type preonly # (source: code)
-vs_pc_factor_mat_solver_type mumps # (source: code)
-vs_pc_type lu # (source: code)
#End of PETSc Option Table entries
WARNING! There are options you set that were not used!
WARNING! could be spelling mistake, etc!
There is one unused database option. It is:
Option left: name:-ParamFile value: Rheology_VE_0D.dat source: code
